bun : $ vitest run
At line:1 char:1
+ bun run test:run > vitest_output.txt 2>&1
+ ~~~~~~~~~~~~~~~~~~~~~~~~~~~~~~~~~~~~~~~~~
    + CategoryInfo          : NotSpecified: ($ vitest run:String) [], RemoteExcep 
   tion
    + FullyQualifiedErrorId : NativeCommandError
 

[1m[46m RUN [49m[22m [36mv4.1.0 [39m[90mC:/Users/PC/Documents/Hooby/portofolio_ionrusu114/portofolio-front[39m

 [32mΓ£ô[39m src/components/ui/__tests__/BasePanel.spec.ts [2m([22m[2m3 tests[22m[2m)[22m[32m 73[2mms[22m[39m
 [31mΓ¥»[39m src/components/panels/__tests__/HeroPanel.spec.ts [2m([22m[2m0 test[22m[2m)[22m
[90mstderr[2m | src/components/panels/__tests__/AboutPanel.spec.ts[2m > 
[22m[2mAboutPanel[2m > [22m[2mrenders about section heading
[22m[39m[Vue warn]: Failed to resolve component: VIcon
If this is a native custom element, make sure to exclude it from component 
resolution via compilerOptions.isCustomElement. 
  at <AboutPanel ref="VTU_COMPONENT" > 
  at <VTUROOT>
[Vue warn]: Failed to resolve component: VIcon
If this is a native custom element, make sure to exclude it from component 
resolution via compilerOptions.isCustomElement. 
  at <BaseTag key="JavaScript" label="JavaScript" icon="co-javascript" > 
  at <SkillsSection> 
  at <BasePanel id="about" > 
  at <AboutPanel ref="VTU_COMPONENT" > 
  at <VTUROOT>
[Vue warn]: Failed to resolve component: VIcon
If this is a native custom element, make sure to exclude it from component 
resolution via compilerOptions.isCustomElement. 
  at <BaseTag key="TypeScript" label="TypeScript" icon="co-typescript" > 
  at <SkillsSection> 
  at <BasePanel id="about" > 
  at <AboutPanel ref="VTU_COMPONENT" > 
  at <VTUROOT>
[Vue warn]: Failed to resolve component: VIcon
If this is a native custom element, make sure to exclude it from component 
resolution via compilerOptions.isCustomElement. 
  at <BaseTag key="Vue.js" label="Vue.js" icon="co-vue-js" > 
  at <SkillsSection> 
  at <BasePanel id="about" > 
  at <AboutPanel ref="VTU_COMPONENT" > 
  at <VTUROOT>
[Vue warn]: Failed to resolve component: VIcon
If this is a native custom element, make sure to exclude it from component 
resolution via compilerOptions.isCustomElement. 
  at <BaseTag key="React" label="React" icon="co-react" > 
  at <SkillsSection> 
  at <BasePanel id="about" > 
  at <AboutPanel ref="VTU_COMPONENT" > 
  at <VTUROOT>
[Vue warn]: Failed to resolve component: VIcon
If this is a native custom element, make sure to exclude it from component 
resolution via compilerOptions.isCustomElement. 
  at <BaseTag key="Next.js" label="Next.js" icon="co-next-js" > 
  at <SkillsSection> 
  at <BasePanel id="about" > 
  at <AboutPanel ref="VTU_COMPONENT" > 
  at <VTUROOT>
[Vue warn]: Failed to resolve component: VIcon
If this is a native custom element, make sure to exclude it from component 
resolution via compilerOptions.isCustomElement. 
  at <BaseTag key="Nuxt" label="Nuxt" icon="co-nuxt-js" > 
  at <SkillsSection> 
  at <BasePanel id="about" > 
  at <AboutPanel ref="VTU_COMPONENT" > 
  at <VTUROOT>
[Vue warn]: Failed to resolve component: VIcon
If this is a native custom element, make sure to exclude it from component 
resolution via compilerOptions.isCustomElement. 
  at <BaseTag key="Tailwind CSS" label="Tailwind CSS" icon="si-tailwindcss" > 
  at <SkillsSection> 
  at <BasePanel id="about" > 
  at <AboutPanel ref="VTU_COMPONENT" > 
  at <VTUROOT>
[Vue warn]: Failed to resolve component: VIcon
If this is a native custom element, make sure to exclude it from component 
resolution via compilerOptions.isCustomElement. 
  at <BaseTag key="Python" label="Python" icon="co-python" > 
  at <SkillsSection> 
  at <BasePanel id="about" > 
  at <AboutPanel ref="VTU_COMPONENT" > 
  at <VTUROOT>
[Vue warn]: Failed to resolve component: VIcon
If this is a native custom element, make sure to exclude it from component 
resolution via compilerOptions.isCustomElement. 
  at <BaseTag key="FastAPI" label="FastAPI" icon="si-fastapi" > 
  at <SkillsSection> 
  at <BasePanel id="about" > 
  at <AboutPanel ref="VTU_COMPONENT" > 
  at <VTUROOT>
[Vue warn]: Failed to resolve component: VIcon
If this is a native custom element, make sure to exclude it from component 
resolution via compilerOptions.isCustomElement. 
  at <BaseTag key="Node.js" label="Node.js" icon="co-node-js" > 
  at <SkillsSection> 
  at <BasePanel id="about" > 
  at <AboutPanel ref="VTU_COMPONENT" > 
  at <VTUROOT>
[Vue warn]: Failed to resolve component: VIcon
If this is a native custom element, make sure to exclude it from component 
resolution via compilerOptions.isCustomElement. 
  at <BaseTag key="NestJS" label="NestJS" icon="si-nestjs" > 
  at <SkillsSection> 
  at <BasePanel id="about" > 
  at <AboutPanel ref="VTU_COMPONENT" > 
  at <VTUROOT>
[Vue warn]: Failed to resolve component: VIcon
If this is a native custom element, make sure to exclude it from component 
resolution via compilerOptions.isCustomElement. 
  at <BaseTag key="Express.js" label="Express.js" icon="si-express" > 
  at <SkillsSection> 
  at <BasePanel id="about" > 
  at <AboutPanel ref="VTU_COMPONENT" > 
  at <VTUROOT>
[Vue warn]: Failed to resolve component: VIcon
If this is a native custom element, make sure to exclude it from component 
resolution via compilerOptions.isCustomElement. 
  at <BaseTag key="PostgreSQL" label="PostgreSQL" icon="co-postgresql" > 
  at <SkillsSection> 
  at <BasePanel id="about" > 
  at <AboutPanel ref="VTU_COMPONENT" > 
  at <VTUROOT>
[Vue warn]: Failed to resolve component: VIcon
If this is a native custom element, make sure to exclude it from component 
resolution via compilerOptions.isCustomElement. 
  at <BaseTag key="MongoDB" label="MongoDB" icon="co-mongodb" > 
  at <SkillsSection> 
  at <BasePanel id="about" > 
  at <AboutPanel ref="VTU_COMPONENT" > 
  at <VTUROOT>
[Vue warn]: Failed to resolve component: VIcon
If this is a native custom element, make sure to exclude it from component 
resolution via compilerOptions.isCustomElement. 
  at <BaseTag key="MySQL" label="MySQL" icon="co-mysql" > 
  at <SkillsSection> 
  at <BasePanel id="about" > 
  at <AboutPanel ref="VTU_COMPONENT" > 
  at <VTUROOT>
[Vue warn]: Failed to resolve component: VIcon
If this is a native custom element, make sure to exclude it from component 
resolution via compilerOptions.isCustomElement. 
  at <BaseTag key="Docker" label="Docker" icon="co-docker" > 
  at <SkillsSection> 
  at <BasePanel id="about" > 
  at <AboutPanel ref="VTU_COMPONENT" > 
  at <VTUROOT>
[Vue warn]: Failed to resolve component: VIcon
If this is a native custom element, make sure to exclude it from component 
resolution via compilerOptions.isCustomElement. 
  at <BaseTag key="AWS" label="AWS" icon="co-amazon-aws" > 
  at <SkillsSection> 
  at <BasePanel id="about" > 
  at <AboutPanel ref="VTU_COMPONENT" > 
  at <VTUROOT>
[Vue warn]: Failed to resolve component: VIcon
If this is a native custom element, make sure to exclude it from component 
resolution via compilerOptions.isCustomElement. 
  at <BaseTag key="CI/CD" label="CI/CD" icon="co-git" > 
  at <SkillsSection> 
  at <BasePanel id="about" > 
  at <AboutPanel ref="VTU_COMPONENT" > 
  at <VTUROOT>
[Vue warn]: Failed to resolve component: VIcon
If this is a native custom element, make sure to exclude it from component 
resolution via compilerOptions.isCustomElement. 
  at <BaseTag key="Firebase" label="Firebase" icon="co-firebase" > 
  at <SkillsSection> 
  at <BasePanel id="about" > 
  at <AboutPanel ref="VTU_COMPONENT" > 
  at <VTUROOT>

[90mstderr[2m | src/components/panels/__tests__/AboutPanel.spec.ts[2m > 
[22m[2mAboutPanel[2m > [22m[2mrenders bio text
[22m[39m[Vue warn]: Failed to resolve component: VIcon
If this is a native custom element, make sure to exclude it from component 
resolution via compilerOptions.isCustomElement. 
  at <AboutPanel ref="VTU_COMPONENT" > 
  at <VTUROOT>
[Vue warn]: Failed to resolve component: VIcon
If this is a native custom element, make sure to exclude it from component 
resolution via compilerOptions.isCustomElement. 
  at <BaseTag key="JavaScript" label="JavaScript" icon="co-javascript" > 
  at <SkillsSection> 
  at <BasePanel id="about" > 
  at <AboutPanel ref="VTU_COMPONENT" > 
  at <VTUROOT>
[Vue warn]: Failed to resolve component: VIcon
If this is a native custom element, make sure to exclude it from component 
resolution via compilerOptions.isCustomElement. 
  at <BaseTag key="TypeScript" label="TypeScript" icon="co-typescript" > 
  at <SkillsSection> 
  at <BasePanel id="about" > 
  at <AboutPanel ref="VTU_COMPONENT" > 
  at <VTUROOT>
[Vue warn]: Failed to resolve component: VIcon
If this is a native custom element, make sure to exclude it from component 
resolution via compilerOptions.isCustomElement. 
  at <BaseTag key="Vue.js" label="Vue.js" icon="co-vue-js" > 
  at <SkillsSection> 
  at <BasePanel id="about" > 
  at <AboutPanel ref="VTU_COMPONENT" > 
  at <VTUROOT>
[Vue warn]: Failed to resolve component: VIcon
If this is a native custom element, make sure to exclude it from component 
resolution via compilerOptions.isCustomElement. 
  at <BaseTag key="React" label="React" icon="co-react" > 
  at <SkillsSection> 
  at <BasePanel id="about" > 
  at <AboutPanel ref="VTU_COMPONENT" > 
  at <VTUROOT>
[Vue warn]: Failed to resolve component: VIcon
If this is a native custom element, make sure to exclude it from component 
resolution via compilerOptions.isCustomElement. 
  at <BaseTag key="Next.js" label="Next.js" icon="co-next-js" > 
  at <SkillsSection> 
  at <BasePanel id="about" > 
  at <AboutPanel ref="VTU_COMPONENT" > 
  at <VTUROOT>
[Vue warn]: Failed to resolve component: VIcon
If this is a native custom element, make sure to exclude it from component 
resolution via compilerOptions.isCustomElement. 
  at <BaseTag key="Nuxt" label="Nuxt" icon="co-nuxt-js" > 
  at <SkillsSection> 
  at <BasePanel id="about" > 
  at <AboutPanel ref="VTU_COMPONENT" > 
  at <VTUROOT>
[Vue warn]: Failed to resolve component: VIcon
If this is a native custom element, make sure to exclude it from component 
resolution via compilerOptions.isCustomElement. 
  at <BaseTag key="Tailwind CSS" label="Tailwind CSS" icon="si-tailwindcss" > 
  at <SkillsSection> 
  at <BasePanel id="about" > 
  at <AboutPanel ref="VTU_COMPONENT" > 
  at <VTUROOT>
[Vue warn]: Failed to resolve component: VIcon
If this is a native custom element, make sure to exclude it from component 
resolution via compilerOptions.isCustomElement. 
  at <BaseTag key="Python" label="Python" icon="co-python" > 
  at <SkillsSection> 
  at <BasePanel id="about" > 
  at <AboutPanel ref="VTU_COMPONENT" > 
  at <VTUROOT>
[Vue warn]: Failed to resolve component: VIcon
If this is a native custom element, make sure to exclude it from component 
resolution via compilerOptions.isCustomElement. 
  at <BaseTag key="FastAPI" label="FastAPI" icon="si-fastapi" > 
  at <SkillsSection> 
  at <BasePanel id="about" > 
  at <AboutPanel ref="VTU_COMPONENT" > 
  at <VTUROOT>
[Vue warn]: Failed to resolve component: VIcon
If this is a native custom element, make sure to exclude it from component 
resolution via compilerOptions.isCustomElement. 
  at <BaseTag key="Node.js" label="Node.js" icon="co-node-js" > 
  at <SkillsSection> 
  at <BasePanel id="about" > 
  at <AboutPanel ref="VTU_COMPONENT" > 
  at <VTUROOT>
[Vue warn]: Failed to resolve component: VIcon
If this is a native custom element, make sure to exclude it from component 
resolution via compilerOptions.isCustomElement. 
  at <BaseTag key="NestJS" label="NestJS" icon="si-nestjs" > 
  at <SkillsSection> 
  at <BasePanel id="about" > 
  at <AboutPanel ref="VTU_COMPONENT" > 
  at <VTUROOT>
[Vue warn]: Failed to resolve component: VIcon
If this is a native custom element, make sure to exclude it from component 
resolution via compilerOptions.isCustomElement. 
  at <BaseTag key="Express.js" label="Express.js" icon="si-express" > 
  at <SkillsSection> 
  at <BasePanel id="about" > 
  at <AboutPanel ref="VTU_COMPONENT" > 
  at <VTUROOT>
[Vue warn]: Failed to resolve component: VIcon
If this is a native custom element, make sure to exclude it from component 
resolution via compilerOptions.isCustomElement. 
  at <BaseTag key="PostgreSQL" label="PostgreSQL" icon="co-postgresql" > 
  at <SkillsSection> 
  at <BasePanel id="about" > 
  at <AboutPanel ref="VTU_COMPONENT" > 
  at <VTUROOT>
[Vue warn]: Failed to resolve component: VIcon
If this is a native custom element, make sure to exclude it from component 
resolution via compilerOptions.isCustomElement. 
  at <BaseTag key="MongoDB" label="MongoDB" icon="co-mongodb" > 
  at <SkillsSection> 
  at <BasePanel id="about" > 
  at <AboutPanel ref="VTU_COMPONENT" > 
  at <VTUROOT>
[Vue warn]: Failed to resolve component: VIcon
If this is a native custom element, make sure to exclude it from component 
resolution via compilerOptions.isCustomElement. 
  at <BaseTag key="MySQL" label="MySQL" icon="co-mysql" > 
  at <SkillsSection> 
  at <BasePanel id="about" > 
  at <AboutPanel ref="VTU_COMPONENT" > 
  at <VTUROOT>
[Vue warn]: Failed to resolve component: VIcon
If this is a native custom element, make sure to exclude it from component 
resolution via compilerOptions.isCustomElement. 
  at <BaseTag key="Docker" label="Docker" icon="co-docker" > 
  at <SkillsSection> 
  at <BasePanel id="about" > 
  at <AboutPanel ref="VTU_COMPONENT" > 
  at <VTUROOT>
[Vue warn]: Failed to resolve component: VIcon
If this is a native custom element, make sure to exclude it from component 
resolution via compilerOptions.isCustomElement. 
  at <BaseTag key="AWS" label="AWS" icon="co-amazon-aws" > 
  at <SkillsSection> 
  at <BasePanel id="about" > 
  at <AboutPanel ref="VTU_COMPONENT" > 
  at <VTUROOT>
[Vue warn]: Failed to resolve component: VIcon
If this is a native custom element, make sure to exclude it from component 
resolution via compilerOptions.isCustomElement. 
  at <BaseTag key="CI/CD" label="CI/CD" icon="co-git" > 
  at <SkillsSection> 
  at <BasePanel id="about" > 
  at <AboutPanel ref="VTU_COMPONENT" > 
  at <VTUROOT>
[Vue warn]: Failed to resolve component: VIcon
If this is a native custom element, make sure to exclude it from component 
resolution via compilerOptions.isCustomElement. 
  at <BaseTag key="Firebase" label="Firebase" icon="co-firebase" > 
  at <SkillsSection> 
  at <BasePanel id="about" > 
  at <AboutPanel ref="VTU_COMPONENT" > 
  at <VTUROOT>

[90mstderr[2m | src/components/panels/__tests__/AboutPanel.spec.ts[2m > 
[22m[2mAboutPanel[2m > [22m[2mrenders education info
[22m[39m[Vue warn]: Failed to resolve component: VIcon
If this is a native custom element, make sure to exclude it from component 
resolution via compilerOptions.isCustomElement. 
  at <AboutPanel ref="VTU_COMPONENT" > 
  at <VTUROOT>
[Vue warn]: Failed to resolve component: VIcon
If this is a native custom element, make sure to exclude it from component 
resolution via compilerOptions.isCustomElement. 
  at <BaseTag key="JavaScript" label="JavaScript" icon="co-javascript" > 
  at <SkillsSection> 
  at <BasePanel id="about" > 
  at <AboutPanel ref="VTU_COMPONENT" > 
  at <VTUROOT>
[Vue warn]: Failed to resolve component: VIcon
If this is a native custom element, make sure to exclude it from component 
resolution via compilerOptions.isCustomElement. 
  at <BaseTag key="TypeScript" label="TypeScript" icon="co-typescript" > 
  at <SkillsSection> 
  at <BasePanel id="about" > 
  at <AboutPanel ref="VTU_COMPONENT" > 
  at <VTUROOT>
[Vue warn]: Failed to resolve component: VIcon
If this is a native custom element, make sure to exclude it from component 
resolution via compilerOptions.isCustomElement. 
  at <BaseTag key="Vue.js" label="Vue.js" icon="co-vue-js" > 
  at <SkillsSection> 
  at <BasePanel id="about" > 
  at <AboutPanel ref="VTU_COMPONENT" > 
  at <VTUROOT>
[Vue warn]: Failed to resolve component: VIcon
If this is a native custom element, make sure to exclude it from component 
resolution via compilerOptions.isCustomElement. 
  at <BaseTag key="React" label="React" icon="co-react" > 
  at <SkillsSection> 
  at <BasePanel id="about" > 
  at <AboutPanel ref="VTU_COMPONENT" > 
  at <VTUROOT>
[Vue warn]: Failed to resolve component: VIcon
If this is a native custom element, make sure to exclude it from component 
resolution via compilerOptions.isCustomElement. 
  at <BaseTag key="Next.js" label="Next.js" icon="co-next-js" > 
  at <SkillsSection> 
  at <BasePanel id="about" > 
  at <AboutPanel ref="VTU_COMPONENT" > 
  at <VTUROOT>
[Vue warn]: Failed to resolve component: VIcon
If this is a native custom element, make sure to exclude it from component 
resolution via compilerOptions.isCustomElement. 
  at <BaseTag key="Nuxt" label="Nuxt" icon="co-nuxt-js" > 
  at <SkillsSection> 
  at <BasePanel id="about" > 
  at <AboutPanel ref="VTU_COMPONENT" > 
  at <VTUROOT>
[Vue warn]: Failed to resolve component: VIcon
If this is a native custom element, make sure to exclude it from component 
resolution via compilerOptions.isCustomElement. 
  at <BaseTag key="Tailwind CSS" label="Tailwind CSS" icon="si-tailwindcss" > 
  at <SkillsSection> 
  at <BasePanel id="about" > 
  at <AboutPanel ref="VTU_COMPONENT" > 
  at <VTUROOT>
[Vue warn]: Failed to resolve component: VIcon
If this is a native custom element, make sure to exclude it from component 
resolution via compilerOptions.isCustomElement. 
  at <BaseTag key="Python" label="Python" icon="co-python" > 
  at <SkillsSection> 
  at <BasePanel id="about" > 
  at <AboutPanel ref="VTU_COMPONENT" > 
  at <VTUROOT>
[Vue warn]: Failed to resolve component: VIcon
If this is a native custom element, make sure to exclude it from component 
resolution via compilerOptions.isCustomElement. 
  at <BaseTag key="FastAPI" label="FastAPI" icon="si-fastapi" > 
  at <SkillsSection> 
  at <BasePanel id="about" > 
  at <AboutPanel ref="VTU_COMPONENT" > 
  at <VTUROOT>
[Vue warn]: Failed to resolve component: VIcon
If this is a native custom element, make sure to exclude it from component 
resolution via compilerOptions.isCustomElement. 
  at <BaseTag key="Node.js" label="Node.js" icon="co-node-js" > 
  at <SkillsSection> 
  at <BasePanel id="about" > 
  at <AboutPanel ref="VTU_COMPONENT" > 
  at <VTUROOT>
[Vue warn]: Failed to resolve component: VIcon
If this is a native custom element, make sure to exclude it from component 
resolution via compilerOptions.isCustomElement. 
  at <BaseTag key="NestJS" label="NestJS" icon="si-nestjs" > 
  at <SkillsSection> 
  at <BasePanel id="about" > 
  at <AboutPanel ref="VTU_COMPONENT" > 
  at <VTUROOT>
[Vue warn]: Failed to resolve component: VIcon
If this is a native custom element, make sure to exclude it from component 
resolution via compilerOptions.isCustomElement. 
  at <BaseTag key="Express.js" label="Express.js" icon="si-express" > 
  at <SkillsSection> 
  at <BasePanel id="about" > 
  at <AboutPanel ref="VTU_COMPONENT" > 
  at <VTUROOT>
[Vue warn]: Failed to resolve component: VIcon
If this is a native custom element, make sure to exclude it from component 
resolution via compilerOptions.isCustomElement. 
  at <BaseTag key="PostgreSQL" label="PostgreSQL" icon="co-postgresql" > 
  at <SkillsSection> 
  at <BasePanel id="about" > 
  at <AboutPanel ref="VTU_COMPONENT" > 
  at <VTUROOT>
[Vue warn]: Failed to resolve component: VIcon
If this is a native custom element, make sure to exclude it from component 
resolution via compilerOptions.isCustomElement. 
  at <BaseTag key="MongoDB" label="MongoDB" icon="co-mongodb" > 
  at <SkillsSection> 
  at <BasePanel id="about" > 
  at <AboutPanel ref="VTU_COMPONENT" > 
  at <VTUROOT>
[Vue warn]: Failed to resolve component: VIcon
If this is a native custom element, make sure to exclude it from component 
resolution via compilerOptions.isCustomElement. 
  at <BaseTag key="MySQL" label="MySQL" icon="co-mysql" > 
  at <SkillsSection> 
  at <BasePanel id="about" > 
  at <AboutPanel ref="VTU_COMPONENT" > 
  at <VTUROOT>
[Vue warn]: Failed to resolve component: VIcon
If this is a native custom element, make sure to exclude it from component 
resolution via compilerOptions.isCustomElement. 
  at <BaseTag key="Docker" label="Docker" icon="co-docker" > 
  at <SkillsSection> 
  at <BasePanel id="about" > 
  at <AboutPanel ref="VTU_COMPONENT" > 
  at <VTUROOT>
[Vue warn]: Failed to resolve component: VIcon
If this is a native custom element, make sure to exclude it from component 
resolution via compilerOptions.isCustomElement. 
  at <BaseTag key="AWS" label="AWS" icon="co-amazon-aws" > 
  at <SkillsSection> 
  at <BasePanel id="about" > 
  at <AboutPanel ref="VTU_COMPONENT" > 
  at <VTUROOT>
[Vue warn]: Failed to resolve component: VIcon
If this is a native custom element, make sure to exclude it from component 
resolution via compilerOptions.isCustomElement. 
  at <BaseTag key="CI/CD" label="CI/CD" icon="co-git" > 
  at <SkillsSection> 
  at <BasePanel id="about" > 
  at <AboutPanel ref="VTU_COMPONENT" > 
  at <VTUROOT>
[Vue warn]: Failed to resolve component: VIcon
If this is a native custom element, make sure to exclude it from component 
resolution via compilerOptions.isCustomElement. 
  at <BaseTag key="Firebase" label="Firebase" icon="co-firebase" > 
  at <SkillsSection> 
  at <BasePanel id="about" > 
  at <AboutPanel ref="VTU_COMPONENT" > 
  at <VTUROOT>

[90mstderr[2m | src/components/panels/__tests__/AboutPanel.spec.ts[2m > 
[22m[2mAboutPanel[2m > [22m[2mrenders languages
[22m[39m[Vue warn]: Failed to resolve component: VIcon
If this is a native custom element, make sure to exclude it from component 
resolution via compilerOptions.isCustomElement. 
  at <AboutPanel ref="VTU_COMPONENT" > 
  at <VTUROOT>
[Vue warn]: Failed to resolve component: VIcon
If this is a native custom element, make sure to exclude it from component 
resolution via compilerOptions.isCustomElement. 
  at <BaseTag key="JavaScript" label="JavaScript" icon="co-javascript" > 
  at <SkillsSection> 
  at <BasePanel id="about" > 
  at <AboutPanel ref="VTU_COMPONENT" > 
  at <VTUROOT>
[Vue warn]: Failed to resolve component: VIcon
If this is a native custom element, make sure to exclude it from component 
resolution via compilerOptions.isCustomElement. 
  at <BaseTag key="TypeScript" label="TypeScript" icon="co-typescript" > 
  at <SkillsSection> 
  at <BasePanel id="about" > 
  at <AboutPanel ref="VTU_COMPONENT" > 
  at <VTUROOT>
[Vue warn]: Failed to resolve component: VIcon
If this is a native custom element, make sure to exclude it from component 
resolution via compilerOptions.isCustomElement. 
  at <BaseTag key="Vue.js" label="Vue.js" icon="co-vue-js" > 
  at <SkillsSection> 
  at <BasePanel id="about" > 
  at <AboutPanel ref="VTU_COMPONENT" > 
  at <VTUROOT>
[Vue warn]: Failed to resolve component: VIcon
If this is a native custom element, make sure to exclude it from component 
resolution via compilerOptions.isCustomElement. 
  at <BaseTag key="React" label="React" icon="co-react" > 
  at <SkillsSection> 
  at <BasePanel id="about" > 
  at <AboutPanel ref="VTU_COMPONENT" > 
  at <VTUROOT>
[Vue warn]: Failed to resolve component: VIcon
If this is a native custom element, make sure to exclude it from component 
resolution via compilerOptions.isCustomElement. 
  at <BaseTag key="Next.js" label="Next.js" icon="co-next-js" > 
  at <SkillsSection> 
  at <BasePanel id="about" > 
  at <AboutPanel ref="VTU_COMPONENT" > 
  at <VTUROOT>
[Vue warn]: Failed to resolve component: VIcon
If this is a native custom element, make sure to exclude it from component 
resolution via compilerOptions.isCustomElement. 
  at <BaseTag key="Nuxt" label="Nuxt" icon="co-nuxt-js" > 
  at <SkillsSection> 
  at <BasePanel id="about" > 
  at <AboutPanel ref="VTU_COMPONENT" > 
  at <VTUROOT>
[Vue warn]: Failed to resolve component: VIcon
If this is a native custom element, make sure to exclude it from component 
resolution via compilerOptions.isCustomElement. 
  at <BaseTag key="Tailwind CSS" label="Tailwind CSS" icon="si-tailwindcss" > 
  at <SkillsSection> 
  at <BasePanel id="about" > 
  at <AboutPanel ref="VTU_COMPONENT" > 
  at <VTUROOT>
[Vue warn]: Failed to resolve component: VIcon
If this is a native custom element, make sure to exclude it from component 
resolution via compilerOptions.isCustomElement. 
  at <BaseTag key="Python" label="Python" icon="co-python" > 
  at <SkillsSection> 
  at <BasePanel id="about" > 
  at <AboutPanel ref="VTU_COMPONENT" > 
  at <VTUROOT>
[Vue warn]: Failed to resolve component: VIcon
If this is a native custom element, make sure to exclude it from component 
resolution via compilerOptions.isCustomElement. 
  at <BaseTag key="FastAPI" label="FastAPI" icon="si-fastapi" > 
  at <SkillsSection> 
  at <BasePanel id="about" > 
  at <AboutPanel ref="VTU_COMPONENT" > 
  at <VTUROOT>
[Vue warn]: Failed to resolve component: VIcon
If this is a native custom element, make sure to exclude it from component 
resolution via compilerOptions.isCustomElement. 
  at <BaseTag key="Node.js" label="Node.js" icon="co-node-js" > 
  at <SkillsSection> 
  at <BasePanel id="about" > 
  at <AboutPanel ref="VTU_COMPONENT" > 
  at <VTUROOT>
[Vue warn]: Failed to resolve component: VIcon
If this is a native custom element, make sure to exclude it from component 
resolution via compilerOptions.isCustomElement. 
  at <BaseTag key="NestJS" label="NestJS" icon="si-nestjs" > 
  at <SkillsSection> 
  at <BasePanel id="about" > 
  at <AboutPanel ref="VTU_COMPONENT" > 
  at <VTUROOT>
[Vue warn]: Failed to resolve component: VIcon
If this is a native custom element, make sure to exclude it from component 
resolution via compilerOptions.isCustomElement. 
  at <BaseTag key="Express.js" label="Express.js" icon="si-express" > 
  at <SkillsSection> 
  at <BasePanel id="about" > 
  at <AboutPanel ref="VTU_COMPONENT" > 
  at <VTUROOT>
[Vue warn]: Failed to resolve component: VIcon
If this is a native custom element, make sure to exclude it from component 
resolution via compilerOptions.isCustomElement. 
  at <BaseTag key="PostgreSQL" label="PostgreSQL" icon="co-postgresql" > 
  at <SkillsSection> 
  at <BasePanel id="about" > 
  at <AboutPanel ref="VTU_COMPONENT" > 
  at <VTUROOT>
[Vue warn]: Failed to resolve component: VIcon
If this is a native custom element, make sure to exclude it from component 
resolution via compilerOptions.isCustomElement. 
  at <BaseTag key="MongoDB" label="MongoDB" icon="co-mongodb" > 
  at <SkillsSection> 
  at <BasePanel id="about" > 
  at <AboutPanel ref="VTU_COMPONENT" > 
  at <VTUROOT>
[Vue warn]: Failed to resolve component: VIcon
If this is a native custom element, make sure to exclude it from component 
resolution via compilerOptions.isCustomElement. 
  at <BaseTag key="MySQL" label="MySQL" icon="co-mysql" > 
  at <SkillsSection> 
  at <BasePanel id="about" > 
  at <AboutPanel ref="VTU_COMPONENT" > 
  at <VTUROOT>
[Vue warn]: Failed to resolve component: VIcon
If this is a native custom element, make sure to exclude it from component 
resolution via compilerOptions.isCustomElement. 
  at <BaseTag key="Docker" label="Docker" icon="co-docker" > 
  at <SkillsSection> 
  at <BasePanel id="about" > 
  at <AboutPanel ref="VTU_COMPONENT" > 
  at <VTUROOT>
[Vue warn]: Failed to resolve component: VIcon
If this is a native custom element, make sure to exclude it from component 
resolution via compilerOptions.isCustomElement. 
  at <BaseTag key="AWS" label="AWS" icon="co-amazon-aws" > 
  at <SkillsSection> 
  at <BasePanel id="about" > 
  at <AboutPanel ref="VTU_COMPONENT" > 
  at <VTUROOT>
[Vue warn]: Failed to resolve component: VIcon
If this is a native custom element, make sure to exclude it from component 
resolution via compilerOptions.isCustomElement. 
  at <BaseTag key="CI/CD" label="CI/CD" icon="co-git" > 
  at <SkillsSection> 
  at <BasePanel id="about" > 
  at <AboutPanel ref="VTU_COMPONENT" > 
  at <VTUROOT>
[Vue warn]: Failed to resolve component: VIcon
If this is a native custom element, make sure to exclude it from component 
resolution via compilerOptions.isCustomElement. 
  at <BaseTag key="Firebase" label="Firebase" icon="co-firebase" > 
  at <SkillsSection> 
  at <BasePanel id="about" > 
  at <AboutPanel ref="VTU_COMPONENT" > 
  at <VTUROOT>

 [32mΓ£ô[39m src/components/panels/__tests__/AboutPanel.spec.ts [2m([22m[2m4 tests[22m[2m)[22m[32m 98[2mms[22m[39m
[90mstderr[2m | src/components/sections/__tests__/SkillsSection.spec.ts[2m > 
[22m[2mSkillsSection[2m > [22m[2mrenders frontend category
[22m[39m[Vue warn]: Failed to resolve component: VIcon
If this is a native custom element, make sure to exclude it from component 
resolution via compilerOptions.isCustomElement. 
  at <BaseTag key="JavaScript" label="JavaScript" icon="co-javascript" > 
  at <SkillsSection ref="VTU_COMPONENT" > 
  at <VTUROOT>
[Vue warn]: Failed to resolve component: VIcon
If this is a native custom element, make sure to exclude it from component 
resolution via compilerOptions.isCustomElement. 
  at <BaseTag key="TypeScript" label="TypeScript" icon="co-typescript" > 
  at <SkillsSection ref="VTU_COMPONENT" > 
  at <VTUROOT>
[Vue warn]: Failed to resolve component: VIcon
If this is a native custom element, make sure to exclude it from component 
resolution via compilerOptions.isCustomElement. 
  at <BaseTag key="Vue.js" label="Vue.js" icon="co-vue-js" > 
  at <SkillsSection ref="VTU_COMPONENT" > 
  at <VTUROOT>
[Vue warn]: Failed to resolve component: VIcon
If this is a native custom element, make sure to exclude it from component 
resolution via compilerOptions.isCustomElement. 
  at <BaseTag key="React" label="React" icon="co-react" > 
  at <SkillsSection ref="VTU_COMPONENT" > 
  at <VTUROOT>
[Vue warn]: Failed to resolve component: VIcon
If this is a native custom element, make sure to exclude it from component 
resolution via compilerOptions.isCustomElement. 
  at <BaseTag key="Next.js" label="Next.js" icon="co-next-js" > 
  at <SkillsSection ref="VTU_COMPONENT" > 
  at <VTUROOT>
[Vue warn]: Failed to resolve component: VIcon
If this is a native custom element, make sure to exclude it from component 
resolution via compilerOptions.isCustomElement. 
  at <BaseTag key="Nuxt" label="Nuxt" icon="co-nuxt-js" > 
  at <SkillsSection ref="VTU_COMPONENT" > 
  at <VTUROOT>
[Vue warn]: Failed to resolve component: VIcon
If this is a native custom element, make sure to exclude it from component 
resolution via compilerOptions.isCustomElement. 
  at <BaseTag key="Tailwind CSS" label="Tailwind CSS" icon="si-tailwindcss" > 
  at <SkillsSection ref="VTU_COMPONENT" > 
  at <VTUROOT>
[Vue warn]: Failed to resolve component: VIcon
If this is a native custom element, make sure to exclude it from component 
resolution via compilerOptions.isCustomElement. 
  at <BaseTag key="Python" label="Python" icon="co-python" > 
  at <SkillsSection ref="VTU_COMPONENT" > 
  at <VTUROOT>
[Vue warn]: Failed to resolve component: VIcon
If this is a native custom element, make sure to exclude it from component 
resolution via compilerOptions.isCustomElement. 
  at <BaseTag key="FastAPI" label="FastAPI" icon="si-fastapi" > 
  at <SkillsSection ref="VTU_COMPONENT" > 
  at <VTUROOT>
[Vue warn]: Failed to resolve component: VIcon
If this is a native custom element, make sure to exclude it from component 
resolution via compilerOptions.isCustomElement. 
  at <BaseTag key="Node.js" label="Node.js" icon="co-node-js" > 
  at <SkillsSection ref="VTU_COMPONENT" > 
  at <VTUROOT>
[Vue warn]: Failed to resolve component: VIcon
If this is a native custom element, make sure to exclude it from component 
resolution via compilerOptions.isCustomElement. 
  at <BaseTag key="NestJS" label="NestJS" icon="si-nestjs" > 
  at <SkillsSection ref="VTU_COMPONENT" > 
  at <VTUROOT>
[Vue warn]: Failed to resolve component: VIcon
If this is a native custom element, make sure to exclude it from component 
resolution via compilerOptions.isCustomElement. 
  at <BaseTag key="Express.js" label="Express.js" icon="si-express" > 
  at <SkillsSection ref="VTU_COMPONENT" > 
  at <VTUROOT>
[Vue warn]: Failed to resolve component: VIcon
If this is a native custom element, make sure to exclude it from component 
resolution via compilerOptions.isCustomElement. 
  at <BaseTag key="PostgreSQL" label="PostgreSQL" icon="co-postgresql" > 
  at <SkillsSection ref="VTU_COMPONENT" > 
  at <VTUROOT>
[Vue warn]: Failed to resolve component: VIcon
If this is a native custom element, make sure to exclude it from component 
resolution via compilerOptions.isCustomElement. 
  at <BaseTag key="MongoDB" label="MongoDB" icon="co-mongodb" > 
  at <SkillsSection ref="VTU_COMPONENT" > 
  at <VTUROOT>
[Vue warn]: Failed to resolve component: VIcon
If this is a native custom element, make sure to exclude it from component 
resolution via compilerOptions.isCustomElement. 
  at <BaseTag key="MySQL" label="MySQL" icon="co-mysql" > 
  at <SkillsSection ref="VTU_COMPONENT" > 
  at <VTUROOT>
[Vue warn]: Failed to resolve component: VIcon
If this is a native custom element, make sure to exclude it from component 
resolution via compilerOptions.isCustomElement. 
  at <BaseTag key="Docker" label="Docker" icon="co-docker" > 
  at <SkillsSection ref="VTU_COMPONENT" > 
  at <VTUROOT>
[Vue warn]: Failed to resolve component: VIcon
If this is a native custom element, make sure to exclude it from component 
resolution via compilerOptions.isCustomElement. 
  at <BaseTag key="AWS" label="AWS" icon="co-amazon-aws" > 
  at <SkillsSection ref="VTU_COMPONENT" > 
  at <VTUROOT>
[Vue warn]: Failed to resolve component: VIcon
If this is a native custom element, make sure to exclude it from component 
resolution via compilerOptions.isCustomElement. 
  at <BaseTag key="CI/CD" label="CI/CD" icon="co-git" > 
  at <SkillsSection ref="VTU_COMPONENT" > 
  at <VTUROOT>
[Vue warn]: Failed to resolve component: VIcon
If this is a native custom element, make sure to exclude it from component 
resolution via compilerOptions.isCustomElement. 
  at <BaseTag key="Firebase" label="Firebase" icon="co-firebase" > 
  at <SkillsSection ref="VTU_COMPONENT" > 
  at <VTUROOT>

[90mstderr[2m | src/components/sections/__tests__/SkillsSection.spec.ts[2m > 
[22m[2mSkillsSection[2m > [22m[2mrenders backend category
[22m[39m[Vue warn]: Failed to resolve component: VIcon
If this is a native custom element, make sure to exclude it from component 
resolution via compilerOptions.isCustomElement. 
  at <BaseTag key="JavaScript" label="JavaScript" icon="co-javascript" > 
  at <SkillsSection ref="VTU_COMPONENT" > 
  at <VTUROOT>
[Vue warn]: Failed to resolve component: VIcon
If this is a native custom element, make sure to exclude it from component 
resolution via compilerOptions.isCustomElement. 
  at <BaseTag key="TypeScript" label="TypeScript" icon="co-typescript" > 
  at <SkillsSection ref="VTU_COMPONENT" > 
  at <VTUROOT>
[Vue warn]: Failed to resolve component: VIcon
If this is a native custom element, make sure to exclude it from component 
resolution via compilerOptions.isCustomElement. 
  at <BaseTag key="Vue.js" label="Vue.js" icon="co-vue-js" > 
  at <SkillsSection ref="VTU_COMPONENT" > 
  at <VTUROOT>
[Vue warn]: Failed to resolve component: VIcon
If this is a native custom element, make sure to exclude it from component 
resolution via compilerOptions.isCustomElement. 
  at <BaseTag key="React" label="React" icon="co-react" > 
  at <SkillsSection ref="VTU_COMPONENT" > 
  at <VTUROOT>
[Vue warn]: Failed to resolve component: VIcon
If this is a native custom element, make sure to exclude it from component 
resolution via compilerOptions.isCustomElement. 
  at <BaseTag key="Next.js" label="Next.js" icon="co-next-js" > 
  at <SkillsSection ref="VTU_COMPONENT" > 
  at <VTUROOT>
[Vue warn]: Failed to resolve component: VIcon
If this is a native custom element, make sure to exclude it from component 
resolution via compilerOptions.isCustomElement. 
  at <BaseTag key="Nuxt" label="Nuxt" icon="co-nuxt-js" > 
  at <SkillsSection ref="VTU_COMPONENT" > 
  at <VTUROOT>
[Vue warn]: Failed to resolve component: VIcon
If this is a native custom element, make sure to exclude it from component 
resolution via compilerOptions.isCustomElement. 
  at <BaseTag key="Tailwind CSS" label="Tailwind CSS" icon="si-tailwindcss" > 
  at <SkillsSection ref="VTU_COMPONENT" > 
  at <VTUROOT>
[Vue warn]: Failed to resolve component: VIcon
If this is a native custom element, make sure to exclude it from component 
resolution via compilerOptions.isCustomElement. 
  at <BaseTag key="Python" label="Python" icon="co-python" > 
  at <SkillsSection ref="VTU_COMPONENT" > 
  at <VTUROOT>
[Vue warn]: Failed to resolve component: VIcon
If this is a native custom element, make sure to exclude it from component 
resolution via compilerOptions.isCustomElement. 
  at <BaseTag key="FastAPI" label="FastAPI" icon="si-fastapi" > 
  at <SkillsSection ref="VTU_COMPONENT" > 
  at <VTUROOT>
[Vue warn]: Failed to resolve component: VIcon
If this is a native custom element, make sure to exclude it from component 
resolution via compilerOptions.isCustomElement. 
  at <BaseTag key="Node.js" label="Node.js" icon="co-node-js" > 
  at <SkillsSection ref="VTU_COMPONENT" > 
  at <VTUROOT>
[Vue warn]: Failed to resolve component: VIcon
If this is a native custom element, make sure to exclude it from component 
resolution via compilerOptions.isCustomElement. 
  at <BaseTag key="NestJS" label="NestJS" icon="si-nestjs" > 
  at <SkillsSection ref="VTU_COMPONENT" > 
  at <VTUROOT>
[Vue warn]: Failed to resolve component: VIcon
If this is a native custom element, make sure to exclude it from component 
resolution via compilerOptions.isCustomElement. 
  at <BaseTag key="Express.js" label="Express.js" icon="si-express" > 
  at <SkillsSection ref="VTU_COMPONENT" > 
  at <VTUROOT>
[Vue warn]: Failed to resolve component: VIcon
If this is a native custom element, make sure to exclude it from component 
resolution via compilerOptions.isCustomElement. 
  at <BaseTag key="PostgreSQL" label="PostgreSQL" icon="co-postgresql" > 
  at <SkillsSection ref="VTU_COMPONENT" > 
  at <VTUROOT>
[Vue warn]: Failed to resolve component: VIcon
If this is a native custom element, make sure to exclude it from component 
resolution via compilerOptions.isCustomElement. 
  at <BaseTag key="MongoDB" label="MongoDB" icon="co-mongodb" > 
  at <SkillsSection ref="VTU_COMPONENT" > 
  at <VTUROOT>
[Vue warn]: Failed to resolve component: VIcon
If this is a native custom element, make sure to exclude it from component 
resolution via compilerOptions.isCustomElement. 
  at <BaseTag key="MySQL" label="MySQL" icon="co-mysql" > 
  at <SkillsSection ref="VTU_COMPONENT" > 
  at <VTUROOT>
[Vue warn]: Failed to resolve component: VIcon
If this is a native custom element, make sure to exclude it from component 
resolution via compilerOptions.isCustomElement. 
  at <BaseTag key="Docker" label="Docker" icon="co-docker" > 
  at <SkillsSection ref="VTU_COMPONENT" > 
  at <VTUROOT>
[Vue warn]: Failed to resolve component: VIcon
If this is a native custom element, make sure to exclude it from component 
resolution via compilerOptions.isCustomElement. 
  at <BaseTag key="AWS" label="AWS" icon="co-amazon-aws" > 
  at <SkillsSection ref="VTU_COMPONENT" > 
  at <VTUROOT>
[Vue warn]: Failed to resolve component: VIcon
If this is a native custom element, make sure to exclude it from component 
resolution via compilerOptions.isCustomElement. 
  at <BaseTag key="CI/CD" label="CI/CD" icon="co-git" > 
  at <SkillsSection ref="VTU_COMPONENT" > 
  at <VTUROOT>
[Vue warn]: Failed to resolve component: VIcon
If this is a native custom element, make sure to exclude it from component 
resolution via compilerOptions.isCustomElement. 
  at <BaseTag key="Firebase" label="Firebase" icon="co-firebase" > 
  at <SkillsSection ref="VTU_COMPONENT" > 
  at <VTUROOT>

[90mstderr[2m | src/components/layout/__tests__/TheNavMenu.spec.ts[2m > 
[22m[2mTheNavMenu[2m > [22m[2mrenders menu toggle button
[22m[39m[Vue warn]: Failed to resolve component: VIcon
If this is a native custom element, make sure to exclude it from component 
resolution via compilerOptions.isCustomElement. 
  at <TheNavMenu ref="VTU_COMPONENT" > 
  at <VTUROOT>

[90mstderr[2m | src/components/sections/__tests__/SkillsSection.spec.ts[2m > 
[22m[2mSkillsSection[2m > [22m[2mrenders Vue.js skill
[22m[39m[Vue warn]: Failed to resolve component: VIcon
If this is a native custom element, make sure to exclude it from component 
resolution via compilerOptions.isCustomElement. 
  at <BaseTag key="JavaScript" label="JavaScript" icon="co-javascript" > 
  at <SkillsSection ref="VTU_COMPONENT" > 
  at <VTUROOT>
[Vue warn]: Failed to resolve component: VIcon
If this is a native custom element, make sure to exclude it from component 
resolution via compilerOptions.isCustomElement. 
  at <BaseTag key="TypeScript" label="TypeScript" icon="co-typescript" > 
  at <SkillsSection ref="VTU_COMPONENT" > 
  at <VTUROOT>
[Vue warn]: Failed to resolve component: VIcon
If this is a native custom element, make sure to exclude it from component 
resolution via compilerOptions.isCustomElement. 
  at <BaseTag key="Vue.js" label="Vue.js" icon="co-vue-js" > 
  at <SkillsSection ref="VTU_COMPONENT" > 
  at <VTUROOT>
[Vue warn]: Failed to resolve component: VIcon
If this is a native custom element, make sure to exclude it from component 
resolution via compilerOptions.isCustomElement. 
  at <BaseTag key="React" label="React" icon="co-react" > 
  at <SkillsSection ref="VTU_COMPONENT" > 
  at <VTUROOT>
[Vue warn]: Failed to resolve component: VIcon
If this is a native custom element, make sure to exclude it from component 
resolution via compilerOptions.isCustomElement. 
  at <BaseTag key="Next.js" label="Next.js" icon="co-next-js" > 
  at <SkillsSection ref="VTU_COMPONENT" > 
  at <VTUROOT>
[Vue warn]: Failed to resolve component: VIcon
If this is a native custom element, make sure to exclude it from component 
resolution via compilerOptions.isCustomElement. 
  at <BaseTag key="Nuxt" label="Nuxt" icon="co-nuxt-js" > 
  at <SkillsSection ref="VTU_COMPONENT" > 
  at <VTUROOT>
[Vue warn]: Failed to resolve component: VIcon
If this is a native custom element, make sure to exclude it from component 
resolution via compilerOptions.isCustomElement. 
  at <BaseTag key="Tailwind CSS" label="Tailwind CSS" icon="si-tailwindcss" > 
  at <SkillsSection ref="VTU_COMPONENT" > 
  at <VTUROOT>
[Vue warn]: Failed to resolve component: VIcon
If this is a native custom element, make sure to exclude it from component 
resolution via compilerOptions.isCustomElement. 
  at <BaseTag key="Python" label="Python" icon="co-python" > 
  at <SkillsSection ref="VTU_COMPONENT" > 
  at <VTUROOT>
[Vue warn]: Failed to resolve component: VIcon
If this is a native custom element, make sure to exclude it from component 
resolution via compilerOptions.isCustomElement. 
  at <BaseTag key="FastAPI" label="FastAPI" icon="si-fastapi" > 
  at <SkillsSection ref="VTU_COMPONENT" > 
  at <VTUROOT>
[Vue warn]: Failed to resolve component: VIcon
If this is a native custom element, make sure to exclude it from component 
resolution via compilerOptions.isCustomElement. 
  at <BaseTag key="Node.js" label="Node.js" icon="co-node-js" > 
  at <SkillsSection ref="VTU_COMPONENT" > 
  at <VTUROOT>
[Vue warn]: Failed to resolve component: VIcon
If this is a native custom element, make sure to exclude it from component 
resolution via compilerOptions.isCustomElement. 
  at <BaseTag key="NestJS" label="NestJS" icon="si-nestjs" > 
  at <SkillsSection ref="VTU_COMPONENT" > 
  at <VTUROOT>
[Vue warn]: Failed to resolve component: VIcon
If this is a native custom element, make sure to exclude it from component 
resolution via compilerOptions.isCustomElement. 
  at <BaseTag key="Express.js" label="Express.js" icon="si-express" > 
  at <SkillsSection ref="VTU_COMPONENT" > 
  at <VTUROOT>
[Vue warn]: Failed to resolve component: VIcon
If this is a native custom element, make sure to exclude it from component 
resolution via compilerOptions.isCustomElement. 
  at <BaseTag key="PostgreSQL" label="PostgreSQL" icon="co-postgresql" > 
  at <SkillsSection ref="VTU_COMPONENT" > 
  at <VTUROOT>
[Vue warn]: Failed to resolve component: VIcon
If this is a native custom element, make sure to exclude it from component 
resolution via compilerOptions.isCustomElement. 
  at <BaseTag key="MongoDB" label="MongoDB" icon="co-mongodb" > 
  at <SkillsSection ref="VTU_COMPONENT" > 
  at <VTUROOT>
[Vue warn]: Failed to resolve component: VIcon
If this is a native custom element, make sure to exclude it from component 
resolution via compilerOptions.isCustomElement. 
  at <BaseTag key="MySQL" label="MySQL" icon="co-mysql" > 
  at <SkillsSection ref="VTU_COMPONENT" > 
  at <VTUROOT>
[Vue warn]: Failed to resolve component: VIcon
If this is a native custom element, make sure to exclude it from component 
resolution via compilerOptions.isCustomElement. 
  at <BaseTag key="Docker" label="Docker" icon="co-docker" > 
  at <SkillsSection ref="VTU_COMPONENT" > 
  at <VTUROOT>
[Vue warn]: Failed to resolve component: VIcon
If this is a native custom element, make sure to exclude it from component 
resolution via compilerOptions.isCustomElement. 
  at <BaseTag key="AWS" label="AWS" icon="co-amazon-aws" > 
  at <SkillsSection ref="VTU_COMPONENT" > 
  at <VTUROOT>
[Vue warn]: Failed to resolve component: VIcon
If this is a native custom element, make sure to exclude it from component 
resolution via compilerOptions.isCustomElement. 
  at <BaseTag key="CI/CD" label="CI/CD" icon="co-git" > 
  at <SkillsSection ref="VTU_COMPONENT" > 
  at <VTUROOT>
[Vue warn]: Failed to resolve component: VIcon
If this is a native custom element, make sure to exclude it from component 
resolution via compilerOptions.isCustomElement. 
  at <BaseTag key="Firebase" label="Firebase" icon="co-firebase" > 
  at <SkillsSection ref="VTU_COMPONENT" > 
  at <VTUROOT>

 [32mΓ£ô[39m src/components/sections/__tests__/SkillsSection.spec.ts [2m([22m[2m3 tests[22m[2m)[22m[32m 56[2mms[22m[39m
[90mstderr[2m | src/components/layout/__tests__/TheNavMenu.spec.ts[2m > 
[22m[2mTheNavMenu[2m > [22m[2mmenu is hidden by default
[22m[39m[Vue warn]: Failed to resolve component: VIcon
If this is a native custom element, make sure to exclude it from component 
resolution via compilerOptions.isCustomElement. 
  at <TheNavMenu ref="VTU_COMPONENT" > 
  at <VTUROOT>

 [32mΓ£ô[39m src/composables/__tests__/useMediaQuery.spec.ts [2m([22m[2m4 tests[22m[2m)[22m[32m 38[2mms[22m[39m
[90mstderr[2m | src/components/layout/__tests__/TheNavMenu.spec.ts[2m > 
[22m[2mTheNavMenu[2m > [22m[2mtoggles menu on button click
[22m[39m[Vue warn]: Failed to resolve component: VIcon
If this is a native custom element, make sure to exclude it from component 
resolution via compilerOptions.isCustomElement. 
  at <TheNavMenu ref="VTU_COMPONENT" > 
  at <VTUROOT>

 [32mΓ£ô[39m src/composables/__tests__/useGsapContext.spec.ts [2m([22m[2m3 tests[22m[2m)[22m[32m 38[2mms[22m[39m
[90mstderr[2m | src/components/layout/__tests__/TheNavMenu.spec.ts[2m > 
[22m[2mTheNavMenu[2m > [22m[2mtoggles menu on button click
[22m[39m[Vue warn]: Failed to resolve component: VIcon
If this is a native custom element, make sure to exclude it from component 
resolution via compilerOptions.isCustomElement. 
  at <TheNavMenu ref="VTU_COMPONENT" > 
  at <VTUROOT>

 [32mΓ£ô[39m src/components/layout/__tests__/TheNavMenu.spec.ts [2m([22m[2m3 tests[22m[2m)[22m[32m 76[2mms[22m[39m
[90mstderr[2m | src/components/intro/__tests__/TheIntroOverlay.spec.ts[2m > 
[22m[2mTheIntroOverlay[2m > [22m[2mrenders the overlay
[22m[39m[Vue warn]: Failed to resolve component: VIcon
If this is a native custom element, make sure to exclude it from component 
resolution via compilerOptions.isCustomElement. 
  at <BaseSkipButton onSkip=fn<handleSkip> > 
  at <TheIntroOverlay ref="VTU_COMPONENT" > 
  at <VTUROOT>

[90mstderr[2m | src/components/panels/__tests__/ProjectsPanel.spec.ts[2m > 
[22m[2mProjectsPanel[2m > [22m[2mrenders section heading
[22m[39m[Vue warn]: Failed to resolve component: VIcon
If this is a native custom element, make sure to exclude it from component 
resolution via compilerOptions.isCustomElement. 
  at <ProjectCardSection key="driverhub" project= {
  id: [32m'driverhub'[39m,
  title: [32m'DriverHub.ro'[39m,
  description: [32m'Full-stack platform for driver management and services 
coordination. Built with scalable architecture handling real-time data processing 
and user interactions.'[39m,
  tags: [ [32m'Vue.js'[39m, [32m'FastAPI'[39m, [32m'PostgreSQL'[39m, 
[32m'Docker'[39m, [32m'Stripe'[39m ],
  imageUrl: [32m'/images/projects/driverhub.webp'[39m,
  liveUrl: [32m'https://driverhub.ro'[39m,
  featured: [33mtrue[39m,
  highlights: [ [32m'1000+ active users'[39m, [32m'Continuous growth'[39m, 
[32m'End-to-end solution'[39m ],
  type: [32m'platform'[39m
} > 
  at <BasePanel id="projects" > 
  at <ProjectsPanel ref="VTU_COMPONENT" > 
  at <VTUROOT>
[Vue warn]: Failed to resolve component: VIcon
If this is a native custom element, make sure to exclude it from component 
resolution via compilerOptions.isCustomElement. 
  at <BaseTag key="Vue.js" label="Vue.js" > 
  at <ProjectCardSection key="driverhub" project= {
  id: [32m'driverhub'[39m,
  title: [32m'DriverHub.ro'[39m,
  description: [32m'Full-stack platform for driver management and services 
coordination. Built with scalable architecture handling real-time data processing 
and user interactions.'[39m,
  tags: [ [32m'Vue.js'[39m, [32m'FastAPI'[39m, [32m'PostgreSQL'[39m, 
[32m'Docker'[39m, [32m'Stripe'[39m ],
  imageUrl: [32m'/images/projects/driverhub.webp'[39m,
  liveUrl: [32m'https://driverhub.ro'[39m,
  featured: [33mtrue[39m,
  highlights: [ [32m'1000+ active users'[39m, [32m'Continuous growth'[39m, 
[32m'End-to-end solution'[39m ],
  type: [32m'platform'[39m
} > 
  at <BasePanel id="projects" > 
  at <ProjectsPanel ref="VTU_COMPONENT" > 
  at <VTUROOT>
[Vue warn]: Failed to resolve component: VIcon
If this is a native custom element, make sure to exclude it from component 
resolution via compilerOptions.isCustomElement. 
  at <BaseTag key="FastAPI" label="FastAPI" > 
  at <ProjectCardSection key="driverhub" project= {
  id: [32m'driverhub'[39m,
  title: [32m'DriverHub.ro'[39m,
  description: [32m'Full-stack platform for driver management and services 
coordination. Built with scalable architecture handling real-time data processing 
and user interactions.'[39m,
  tags: [ [32m'Vue.js'[39m, [32m'FastAPI'[39m, [32m'PostgreSQL'[39m, 
[32m'Docker'[39m, [32m'Stripe'[39m ],
  imageUrl: [32m'/images/projects/driverhub.webp'[39m,
  liveUrl: [32m'https://driverhub.ro'[39m,
  featured: [33mtrue[39m,
  highlights: [ [32m'1000+ active users'[39m, [32m'Continuous growth'[39m, 
[32m'End-to-end solution'[39m ],
  type: [32m'platform'[39m
} > 
  at <BasePanel id="projects" > 
  at <ProjectsPanel ref="VTU_COMPONENT" > 
  at <VTUROOT>
[Vue warn]: Failed to resolve component: VIcon
If this is a native custom element, make sure to exclude it from component 
resolution via compilerOptions.isCustomElement. 
  at <BaseTag key="PostgreSQL" label="PostgreSQL" > 
  at <ProjectCardSection key="driverhub" project= {
  id: [32m'driverhub'[39m,
  title: [32m'DriverHub.ro'[39m,
  description: [32m'Full-stack platform for driver management and services 
coordination. Built with scalable architecture handling real-time data processing 
and user interactions.'[39m,
  tags: [ [32m'Vue.js'[39m, [32m'FastAPI'[39m, [32m'PostgreSQL'[39m, 
[32m'Docker'[39m, [32m'Stripe'[39m ],
  imageUrl: [32m'/images/projects/driverhub.webp'[39m,
  liveUrl: [32m'https://driverhub.ro'[39m,
  featured: [33mtrue[39m,
  highlights: [ [32m'1000+ active users'[39m, [32m'Continuous growth'[39m, 
[32m'End-to-end solution'[39m ],
  type: [32m'platform'[39m
} > 
  at <BasePanel id="projects" > 
  at <ProjectsPanel ref="VTU_COMPONENT" > 
  at <VTUROOT>
[Vue warn]: Failed to resolve component: VIcon
If this is a native custom element, make sure to exclude it from component 
resolution via compilerOptions.isCustomElement. 
  at <BaseTag key="Docker" label="Docker" > 
  at <ProjectCardSection key="driverhub" project= {
  id: [32m'driverhub'[39m,
  title: [32m'DriverHub.ro'[39m,
  description: [32m'Full-stack platform for driver management and services 
coordination. Built with scalable architecture handling real-time data processing 
and user interactions.'[39m,
  tags: [ [32m'Vue.js'[39m, [32m'FastAPI'[39m, [32m'PostgreSQL'[39m, 
[32m'Docker'[39m, [32m'Stripe'[39m ],
  imageUrl: [32m'/images/projects/driverhub.webp'[39m,
  liveUrl: [32m'https://driverhub.ro'[39m,
  featured: [33mtrue[39m,
  highlights: [ [32m'1000+ active users'[39m, [32m'Continuous growth'[39m, 
[32m'End-to-end solution'[39m ],
  type: [32m'platform'[39m
} > 
  at <BasePanel id="projects" > 
  at <ProjectsPanel ref="VTU_COMPONENT" > 
  at <VTUROOT>
[Vue warn]: Failed to resolve component: VIcon
If this is a native custom element, make sure to exclude it from component 
resolution via compilerOptions.isCustomElement. 
  at <BaseTag key="Stripe" label="Stripe" > 
  at <ProjectCardSection key="driverhub" project= {
  id: [32m'driverhub'[39m,
  title: [32m'DriverHub.ro'[39m,
  description: [32m'Full-stack platform for driver management and services 
coordination. Built with scalable architecture handling real-time data processing 
and user interactions.'[39m,
  tags: [ [32m'Vue.js'[39m, [32m'FastAPI'[39m, [32m'PostgreSQL'[39m, 
[32m'Docker'[39m, [32m'Stripe'[39m ],
  imageUrl: [32m'/images/projects/driverhub.webp'[39m,
  liveUrl: [32m'https://driverhub.ro'[39m,
  featured: [33mtrue[39m,
  highlights: [ [32m'1000+ active users'[39m, [32m'Continuous growth'[39m, 
[32m'End-to-end solution'[39m ],
  type: [32m'platform'[39m
} > 
  at <BasePanel id="projects" > 
  at <ProjectsPanel ref="VTU_COMPONENT" > 
  at <VTUROOT>
[Vue warn]: Failed to resolve component: VIcon
If this is a native custom element, make sure to exclude it from component 
resolution via compilerOptions.isCustomElement. 
  at <ProjectCardSection key="electoral" project= {
  id: [32m'electoral'[39m,
  title: [32m'Electoral Voting Platform'[39m,
  description: [32m'Custom-built platform for managing and automating voter 
counting at polling stations across the Moldova Diaspora. Automated the entire 
process for transparent, real-time election monitoring.'[39m,
  tags: [ [32m'Python'[39m, [32m'FastAPI'[39m, [32m'PostgreSQL'[39m, 
[32m'Automation'[39m, [32m'Real-time'[39m ],
  imageUrl: [32m'/images/projects/electoral.webp'[39m,
  featured: [33mtrue[39m,
  highlights: [
    [32m'Presidential Elections ΓÇö Round 1 & 2'[39m,
    [32m'Parliamentary Elections 2025'[39m,
    [32m'Automated voter counting'[39m
  ],
  type: [32m'electoral'[39m
} > 
  at <BasePanel id="projects" > 
  at <ProjectsPanel ref="VTU_COMPONENT" > 
  at <VTUROOT>
[Vue warn]: Failed to resolve component: VIcon
If this is a native custom element, make sure to exclude it from component 
resolution via compilerOptions.isCustomElement. 
  at <BaseTag key="Python" label="Python" > 
  at <ProjectCardSection key="electoral" project= {
  id: [32m'electoral'[39m,
  title: [32m'Electoral Voting Platform'[39m,
  description: [32m'Custom-built platform for managing and automating voter 
counting at polling stations across the Moldova Diaspora. Automated the entire 
process for transparent, real-time election monitoring.'[39m,
  tags: [ [32m'Python'[39m, [32m'FastAPI'[39m, [32m'PostgreSQL'[39m, 
[32m'Automation'[39m, [32m'Real-time'[39m ],
  imageUrl: [32m'/images/projects/electoral.webp'[39m,
  featured: [33mtrue[39m,
  highlights: [
    [32m'Presidential Elections ΓÇö Round 1 & 2'[39m,
    [32m'Parliamentary Elections 2025'[39m,
    [32m'Automated voter counting'[39m
  ],
  type: [32m'electoral'[39m
} > 
  at <BasePanel id="projects" > 
  at <ProjectsPanel ref="VTU_COMPONENT" > 
  at <VTUROOT>
[Vue warn]: Failed to resolve component: VIcon
If this is a native custom element, make sure to exclude it from component 
resolution via compilerOptions.isCustomElement. 
  at <BaseTag key="FastAPI" label="FastAPI" > 
  at <ProjectCardSection key="electoral" project= {
  id: [32m'electoral'[39m,
  title: [32m'Electoral Voting Platform'[39m,
  description: [32m'Custom-built platform for managing and automating voter 
counting at polling stations across the Moldova Diaspora. Automated the entire 
process for transparent, real-time election monitoring.'[39m,
  tags: [ [32m'Python'[39m, [32m'FastAPI'[39m, [32m'PostgreSQL'[39m, 
[32m'Automation'[39m, [32m'Real-time'[39m ],
  imageUrl: [32m'/images/projects/electoral.webp'[39m,
  featured: [33mtrue[39m,
  highlights: [
    [32m'Presidential Elections ΓÇö Round 1 & 2'[39m,
    [32m'Parliamentary Elections 2025'[39m,
    [32m'Automated voter counting'[39m
  ],
  type: [32m'electoral'[39m
} > 
  at <BasePanel id="projects" > 
  at <ProjectsPanel ref="VTU_COMPONENT" > 
  at <VTUROOT>
[Vue warn]: Failed to resolve component: VIcon
If this is a native custom element, make sure to exclude it from component 
resolution via compilerOptions.isCustomElement. 
  at <BaseTag key="PostgreSQL" label="PostgreSQL" > 
  at <ProjectCardSection key="electoral" project= {
  id: [32m'electoral'[39m,
  title: [32m'Electoral Voting Platform'[39m,
  description: [32m'Custom-built platform for managing and automating voter 
counting at polling stations across the Moldova Diaspora. Automated the entire 
process for transparent, real-time election monitoring.'[39m,
  tags: [ [32m'Python'[39m, [32m'FastAPI'[39m, [32m'PostgreSQL'[39m, 
[32m'Automation'[39m, [32m'Real-time'[39m ],
  imageUrl: [32m'/images/projects/electoral.webp'[39m,
  featured: [33mtrue[39m,
  highlights: [
    [32m'Presidential Elections ΓÇö Round 1 & 2'[39m,
    [32m'Parliamentary Elections 2025'[39m,
    [32m'Automated voter counting'[39m
  ],
  type: [32m'electoral'[39m
} > 
  at <BasePanel id="projects" > 
  at <ProjectsPanel ref="VTU_COMPONENT" > 
  at <VTUROOT>
[Vue warn]: Failed to resolve component: VIcon
If this is a native custom element, make sure to exclude it from component 
resolution via compilerOptions.isCustomElement. 
  at <BaseTag key="Automation" label="Automation" > 
  at <ProjectCardSection key="electoral" project= {
  id: [32m'electoral'[39m,
  title: [32m'Electoral Voting Platform'[39m,
  description: [32m'Custom-built platform for managing and automating voter 
counting at polling stations across the Moldova Diaspora. Automated the entire 
process for transparent, real-time election monitoring.'[39m,
  tags: [ [32m'Python'[39m, [32m'FastAPI'[39m, [32m'PostgreSQL'[39m, 
[32m'Automation'[39m, [32m'Real-time'[39m ],
  imageUrl: [32m'/images/projects/electoral.webp'[39m,
  featured: [33mtrue[39m,
  highlights: [
    [32m'Presidential Elections ΓÇö Round 1 & 2'[39m,
    [32m'Parliamentary Elections 2025'[39m,
    [32m'Automated voter counting'[39m
  ],
  type: [32m'electoral'[39m
} > 
  at <BasePanel id="projects" > 
  at <ProjectsPanel ref="VTU_COMPONENT" > 
  at <VTUROOT>
[Vue warn]: Failed to resolve component: VIcon
If this is a native custom element, make sure to exclude it from component 
resolution via compilerOptions.isCustomElement. 
  at <BaseTag key="Real-time" label="Real-time" > 
  at <ProjectCardSection key="electoral" project= {
  id: [32m'electoral'[39m,
  title: [32m'Electoral Voting Platform'[39m,
  description: [32m'Custom-built platform for managing and automating voter 
counting at polling stations across the Moldova Diaspora. Automated the entire 
process for transparent, real-time election monitoring.'[39m,
  tags: [ [32m'Python'[39m, [32m'FastAPI'[39m, [32m'PostgreSQL'[39m, 
[32m'Automation'[39m, [32m'Real-time'[39m ],
  imageUrl: [32m'/images/projects/electoral.webp'[39m,
  featured: [33mtrue[39m,
  highlights: [
    [32m'Presidential Elections ΓÇö Round 1 & 2'[39m,
    [32m'Parliamentary Elections 2025'[39m,
    [32m'Automated voter counting'[39m
  ],
  type: [32m'electoral'[39m
} > 
  at <BasePanel id="projects" > 
  at <ProjectsPanel ref="VTU_COMPONENT" > 
  at <VTUROOT>
[Vue warn]: Failed to resolve component: VIcon
If this is a native custom element, make sure to exclude it from component 
resolution via compilerOptions.isCustomElement. 
  at <ProjectCardSection key="maintenance" project= {
  id: [32m'maintenance'[39m,
  title: [32m'Web Maintenance & Consulting'[39m,
  description: [32m'Ongoing maintenance, performance optimization, and technical 
consulting for established websites across different industries.'[39m,
  tags: [ [32m'WordPress'[39m, [32m'Laravel'[39m, [32m'React'[39m, 
[32m'Express.js'[39m, [32m'Shopify'[39m ],
  imageUrl: [32m'/images/projects/maintenance.webp'[39m,
  featured: [33mfalse[39m,
  highlights: [ [32m'mad-aid.org.uk'[39m, [32m'biotifulbrands.com'[39m, 
[32m'kykoty.ro'[39m ],
  type: [32m'client'[39m
} > 
  at <BasePanel id="projects" > 
  at <ProjectsPanel ref="VTU_COMPONENT" > 
  at <VTUROOT>
[Vue warn]: Failed to resolve component: VIcon
If this is a native custom element, make sure to exclude it from component 
resolution via compilerOptions.isCustomElement. 
  at <BaseTag key="WordPress" label="WordPress" > 
  at <ProjectCardSection key="maintenance" project= {
  id: [32m'maintenance'[39m,
  title: [32m'Web Maintenance & Consulting'[39m,
  description: [32m'Ongoing maintenance, performance optimization, and technical 
consulting for established websites across different industries.'[39m,
  tags: [ [32m'WordPress'[39m, [32m'Laravel'[39m, [32m'React'[39m, 
[32m'Express.js'[39m, [32m'Shopify'[39m ],
  imageUrl: [32m'/images/projects/maintenance.webp'[39m,
  featured: [33mfalse[39m,
  highlights: [ [32m'mad-aid.org.uk'[39m, [32m'biotifulbrands.com'[39m, 
[32m'kykoty.ro'[39m ],
  type: [32m'client'[39m
} > 
  at <BasePanel id="projects" > 
  at <ProjectsPanel ref="VTU_COMPONENT" > 
  at <VTUROOT>
[Vue warn]: Failed to resolve component: VIcon
If this is a native custom element, make sure to exclude it from component 
resolution via compilerOptions.isCustomElement. 
  at <BaseTag key="Laravel" label="Laravel" > 
  at <ProjectCardSection key="maintenance" project= {
  id: [32m'maintenance'[39m,
  title: [32m'Web Maintenance & Consulting'[39m,
  description: [32m'Ongoing maintenance, performance optimization, and technical 
consulting for established websites across different industries.'[39m,
  tags: [ [32m'WordPress'[39m, [32m'Laravel'[39m, [32m'React'[39m, 
[32m'Express.js'[39m, [32m'Shopify'[39m ],
  imageUrl: [32m'/images/projects/maintenance.webp'[39m,
  featured: [33mfalse[39m,
  highlights: [ [32m'mad-aid.org.uk'[39m, [32m'biotifulbrands.com'[39m, 
[32m'kykoty.ro'[39m ],
  type: [32m'client'[39m
} > 
  at <BasePanel id="projects" > 
  at <ProjectsPanel ref="VTU_COMPONENT" > 
  at <VTUROOT>
[Vue warn]: Failed to resolve component: VIcon
If this is a native custom element, make sure to exclude it from component 
resolution via compilerOptions.isCustomElement. 
  at <BaseTag key="React" label="React" > 
  at <ProjectCardSection key="maintenance" project= {
  id: [32m'maintenance'[39m,
  title: [32m'Web Maintenance & Consulting'[39m,
  description: [32m'Ongoing maintenance, performance optimization, and technical 
consulting for established websites across different industries.'[39m,
  tags: [ [32m'WordPress'[39m, [32m'Laravel'[39m, [32m'React'[39m, 
[32m'Express.js'[39m, [32m'Shopify'[39m ],
  imageUrl: [32m'/images/projects/maintenance.webp'[39m,
  featured: [33mfalse[39m,
  highlights: [ [32m'mad-aid.org.uk'[39m, [32m'biotifulbrands.com'[39m, 
[32m'kykoty.ro'[39m ],
  type: [32m'client'[39m
} > 
  at <BasePanel id="projects" > 
  at <ProjectsPanel ref="VTU_COMPONENT" > 
  at <VTUROOT>
[Vue warn]: Failed to resolve component: VIcon
If this is a native custom element, make sure to exclude it from component 
resolution via compilerOptions.isCustomElement. 
  at <BaseTag key="Express.js" label="Express.js" > 
  at <ProjectCardSection key="maintenance" project= {
  id: [32m'maintenance'[39m,
  title: [32m'Web Maintenance & Consulting'[39m,
  description: [32m'Ongoing maintenance, performance optimization, and technical 
consulting for established websites across different industries.'[39m,
  tags: [ [32m'WordPress'[39m, [32m'Laravel'[39m, [32m'React'[39m, 
[32m'Express.js'[39m, [32m'Shopify'[39m ],
  imageUrl: [32m'/images/projects/maintenance.webp'[39m,
  featured: [33mfalse[39m,
  highlights: [ [32m'mad-aid.org.uk'[39m, [32m'biotifulbrands.com'[39m, 
[32m'kykoty.ro'[39m ],
  type: [32m'client'[39m
} > 
  at <BasePanel id="projects" > 
  at <ProjectsPanel ref="VTU_COMPONENT" > 
  at <VTUROOT>
[Vue warn]: Failed to resolve component: VIcon
If this is a native custom element, make sure to exclude it from component 
resolution via compilerOptions.isCustomElement. 
  at <BaseTag key="Shopify" label="Shopify" > 
  at <ProjectCardSection key="maintenance" project= {
  id: [32m'maintenance'[39m,
  title: [32m'Web Maintenance & Consulting'[39m,
  description: [32m'Ongoing maintenance, performance optimization, and technical 
consulting for established websites across different industries.'[39m,
  tags: [ [32m'WordPress'[39m, [32m'Laravel'[39m, [32m'React'[39m, 
[32m'Express.js'[39m, [32m'Shopify'[39m ],
  imageUrl: [32m'/images/projects/maintenance.webp'[39m,
  featured: [33mfalse[39m,
  highlights: [ [32m'mad-aid.org.uk'[39m, [32m'biotifulbrands.com'[39m, 
[32m'kykoty.ro'[39m ],
  type: [32m'client'[39m
} > 
  at <BasePanel id="projects" > 
  at <ProjectsPanel ref="VTU_COMPONENT" > 
  at <VTUROOT>

[90mstderr[2m | src/components/intro/__tests__/TheIntroOverlay.spec.ts[2m > 
[22m[2mTheIntroOverlay[2m > [22m[2mrenders skip button
[22m[39m[Vue warn]: Failed to resolve component: VIcon
If this is a native custom element, make sure to exclude it from component 
resolution via compilerOptions.isCustomElement. 
  at <BaseSkipButton onSkip=fn<handleSkip> > 
  at <TheIntroOverlay ref="VTU_COMPONENT" > 
  at <VTUROOT>

[90mstderr[2m | src/components/panels/__tests__/ProjectsPanel.spec.ts[2m > 
[22m[2mProjectsPanel[2m > [22m[2mrenders DriverHub project
[22m[39m[Vue warn]: Failed to resolve component: VIcon
If this is a native custom element, make sure to exclude it from component 
resolution via compilerOptions.isCustomElement. 
  at <ProjectCardSection key="driverhub" project= {
  id: [32m'driverhub'[39m,
  title: [32m'DriverHub.ro'[39m,
  description: [32m'Full-stack platform for driver management and services 
coordination. Built with scalable architecture handling real-time data processing 
and user interactions.'[39m,
  tags: [ [32m'Vue.js'[39m, [32m'FastAPI'[39m, [32m'PostgreSQL'[39m, 
[32m'Docker'[39m, [32m'Stripe'[39m ],
  imageUrl: [32m'/images/projects/driverhub.webp'[39m,
  liveUrl: [32m'https://driverhub.ro'[39m,
  featured: [33mtrue[39m,
  highlights: [ [32m'1000+ active users'[39m, [32m'Continuous growth'[39m, 
[32m'End-to-end solution'[39m ],
  type: [32m'platform'[39m
} > 
  at <BasePanel id="projects" > 
  at <ProjectsPanel ref="VTU_COMPONENT" > 
  at <VTUROOT>
[Vue warn]: Failed to resolve component: VIcon
If this is a native custom element, make sure to exclude it from component 
resolution via compilerOptions.isCustomElement. 
  at <BaseTag key="Vue.js" label="Vue.js" > 
  at <ProjectCardSection key="driverhub" project= {
  id: [32m'driverhub'[39m,
  title: [32m'DriverHub.ro'[39m,
  description: [32m'Full-stack platform for driver management and services 
coordination. Built with scalable architecture handling real-time data processing 
and user interactions.'[39m,
  tags: [ [32m'Vue.js'[39m, [32m'FastAPI'[39m, [32m'PostgreSQL'[39m, 
[32m'Docker'[39m, [32m'Stripe'[39m ],
  imageUrl: [32m'/images/projects/driverhub.webp'[39m,
  liveUrl: [32m'https://driverhub.ro'[39m,
  featured: [33mtrue[39m,
  highlights: [ [32m'1000+ active users'[39m, [32m'Continuous growth'[39m, 
[32m'End-to-end solution'[39m ],
  type: [32m'platform'[39m
} > 
  at <BasePanel id="projects" > 
  at <ProjectsPanel ref="VTU_COMPONENT" > 
  at <VTUROOT>
[Vue warn]: Failed to resolve component: VIcon
If this is a native custom element, make sure to exclude it from component 
resolution via compilerOptions.isCustomElement. 
  at <BaseTag key="FastAPI" label="FastAPI" > 
  at <ProjectCardSection key="driverhub" project= {
  id: [32m'driverhub'[39m,
  title: [32m'DriverHub.ro'[39m,
  description: [32m'Full-stack platform for driver management and services 
coordination. Built with scalable architecture handling real-time data processing 
and user interactions.'[39m,
  tags: [ [32m'Vue.js'[39m, [32m'FastAPI'[39m, [32m'PostgreSQL'[39m, 
[32m'Docker'[39m, [32m'Stripe'[39m ],
  imageUrl: [32m'/images/projects/driverhub.webp'[39m,
  liveUrl: [32m'https://driverhub.ro'[39m,
  featured: [33mtrue[39m,
  highlights: [ [32m'1000+ active users'[39m, [32m'Continuous growth'[39m, 
[32m'End-to-end solution'[39m ],
  type: [32m'platform'[39m
} > 
  at <BasePanel id="projects" > 
  at <ProjectsPanel ref="VTU_COMPONENT" > 
  at <VTUROOT>
[Vue warn]: Failed to resolve component: VIcon
If this is a native custom element, make sure to exclude it from component 
resolution via compilerOptions.isCustomElement. 
  at <BaseTag key="PostgreSQL" label="PostgreSQL" > 
  at <ProjectCardSection key="driverhub" project= {
  id: [32m'driverhub'[39m,
  title: [32m'DriverHub.ro'[39m,
  description: [32m'Full-stack platform for driver management and services 
coordination. Built with scalable architecture handling real-time data processing 
and user interactions.'[39m,
  tags: [ [32m'Vue.js'[39m, [32m'FastAPI'[39m, [32m'PostgreSQL'[39m, 
[32m'Docker'[39m, [32m'Stripe'[39m ],
  imageUrl: [32m'/images/projects/driverhub.webp'[39m,
  liveUrl: [32m'https://driverhub.ro'[39m,
  featured: [33mtrue[39m,
  highlights: [ [32m'1000+ active users'[39m, [32m'Continuous growth'[39m, 
[32m'End-to-end solution'[39m ],
  type: [32m'platform'[39m
} > 
  at <BasePanel id="projects" > 
  at <ProjectsPanel ref="VTU_COMPONENT" > 
  at <VTUROOT>
[Vue warn]: Failed to resolve component: VIcon
If this is a native custom element, make sure to exclude it from component 
resolution via compilerOptions.isCustomElement. 
  at <BaseTag key="Docker" label="Docker" > 
  at <ProjectCardSection key="driverhub" project= {
  id: [32m'driverhub'[39m,
  title: [32m'DriverHub.ro'[39m,
  description: [32m'Full-stack platform for driver management and services 
coordination. Built with scalable architecture handling real-time data processing 
and user interactions.'[39m,
  tags: [ [32m'Vue.js'[39m, [32m'FastAPI'[39m, [32m'PostgreSQL'[39m, 
[32m'Docker'[39m, [32m'Stripe'[39m ],
  imageUrl: [32m'/images/projects/driverhub.webp'[39m,
  liveUrl: [32m'https://driverhub.ro'[39m,
  featured: [33mtrue[39m,
  highlights: [ [32m'1000+ active users'[39m, [32m'Continuous growth'[39m, 
[32m'End-to-end solution'[39m ],
  type: [32m'platform'[39m
} > 
  at <BasePanel id="projects" > 
  at <ProjectsPanel ref="VTU_COMPONENT" > 
  at <VTUROOT>
[Vue warn]: Failed to resolve component: VIcon
If this is a native custom element, make sure to exclude it from component 
resolution via compilerOptions.isCustomElement. 
  at <BaseTag key="Stripe" label="Stripe" > 
  at <ProjectCardSection key="driverhub" project= {
  id: [32m'driverhub'[39m,
  title: [32m'DriverHub.ro'[39m,
  description: [32m'Full-stack platform for driver management and services 
coordination. Built with scalable architecture handling real-time data processing 
and user interactions.'[39m,
  tags: [ [32m'Vue.js'[39m, [32m'FastAPI'[39m, [32m'PostgreSQL'[39m, 
[32m'Docker'[39m, [32m'Stripe'[39m ],
  imageUrl: [32m'/images/projects/driverhub.webp'[39m,
  liveUrl: [32m'https://driverhub.ro'[39m,
  featured: [33mtrue[39m,
  highlights: [ [32m'1000+ active users'[39m, [32m'Continuous growth'[39m, 
[32m'End-to-end solution'[39m ],
  type: [32m'platform'[39m
} > 
  at <BasePanel id="projects" > 
  at <ProjectsPanel ref="VTU_COMPONENT" > 
  at <VTUROOT>
[Vue warn]: Failed to resolve component: VIcon
If this is a native custom element, make sure to exclude it from component 
resolution via compilerOptions.isCustomElement. 
  at <ProjectCardSection key="electoral" project= {
  id: [32m'electoral'[39m,
  title: [32m'Electoral Voting Platform'[39m,
  description: [32m'Custom-built platform for managing and automating voter 
counting at polling stations across the Moldova Diaspora. Automated the entire 
process for transparent, real-time election monitoring.'[39m,
  tags: [ [32m'Python'[39m, [32m'FastAPI'[39m, [32m'PostgreSQL'[39m, 
[32m'Automation'[39m, [32m'Real-time'[39m ],
  imageUrl: [32m'/images/projects/electoral.webp'[39m,
  featured: [33mtrue[39m,
  highlights: [
    [32m'Presidential Elections ΓÇö Round 1 & 2'[39m,
    [32m'Parliamentary Elections 2025'[39m,
    [32m'Automated voter counting'[39m
  ],
  type: [32m'electoral'[39m
} > 
  at <BasePanel id="projects" > 
  at <ProjectsPanel ref="VTU_COMPONENT" > 
  at <VTUROOT>
[Vue warn]: Failed to resolve component: VIcon
If this is a native custom element, make sure to exclude it from component 
resolution via compilerOptions.isCustomElement. 
  at <BaseTag key="Python" label="Python" > 
  at <ProjectCardSection key="electoral" project= {
  id: [32m'electoral'[39m,
  title: [32m'Electoral Voting Platform'[39m,
  description: [32m'Custom-built platform for managing and automating voter 
counting at polling stations across the Moldova Diaspora. Automated the entire 
process for transparent, real-time election monitoring.'[39m,
  tags: [ [32m'Python'[39m, [32m'FastAPI'[39m, [32m'PostgreSQL'[39m, 
[32m'Automation'[39m, [32m'Real-time'[39m ],
  imageUrl: [32m'/images/projects/electoral.webp'[39m,
  featured: [33mtrue[39m,
  highlights: [
    [32m'Presidential Elections ΓÇö Round 1 & 2'[39m,
    [32m'Parliamentary Elections 2025'[39m,
    [32m'Automated voter counting'[39m
  ],
  type: [32m'electoral'[39m
} > 
  at <BasePanel id="projects" > 
  at <ProjectsPanel ref="VTU_COMPONENT" > 
  at <VTUROOT>
[Vue warn]: Failed to resolve component: VIcon
If this is a native custom element, make sure to exclude it from component 
resolution via compilerOptions.isCustomElement. 
  at <BaseTag key="FastAPI" label="FastAPI" > 
  at <ProjectCardSection key="electoral" project= {
  id: [32m'electoral'[39m,
  title: [32m'Electoral Voting Platform'[39m,
  description: [32m'Custom-built platform for managing and automating voter 
counting at polling stations across the Moldova Diaspora. Automated the entire 
process for transparent, real-time election monitoring.'[39m,
  tags: [ [32m'Python'[39m, [32m'FastAPI'[39m, [32m'PostgreSQL'[39m, 
[32m'Automation'[39m, [32m'Real-time'[39m ],
  imageUrl: [32m'/images/projects/electoral.webp'[39m,
  featured: [33mtrue[39m,
  highlights: [
    [32m'Presidential Elections ΓÇö Round 1 & 2'[39m,
    [32m'Parliamentary Elections 2025'[39m,
    [32m'Automated voter counting'[39m
  ],
  type: [32m'electoral'[39m
} > 
  at <BasePanel id="projects" > 
  at <ProjectsPanel ref="VTU_COMPONENT" > 
  at <VTUROOT>
[Vue warn]: Failed to resolve component: VIcon
If this is a native custom element, make sure to exclude it from component 
resolution via compilerOptions.isCustomElement. 
  at <BaseTag key="PostgreSQL" label="PostgreSQL" > 
  at <ProjectCardSection key="electoral" project= {
  id: [32m'electoral'[39m,
  title: [32m'Electoral Voting Platform'[39m,
  description: [32m'Custom-built platform for managing and automating voter 
counting at polling stations across the Moldova Diaspora. Automated the entire 
process for transparent, real-time election monitoring.'[39m,
  tags: [ [32m'Python'[39m, [32m'FastAPI'[39m, [32m'PostgreSQL'[39m, 
[32m'Automation'[39m, [32m'Real-time'[39m ],
  imageUrl: [32m'/images/projects/electoral.webp'[39m,
  featured: [33mtrue[39m,
  highlights: [
    [32m'Presidential Elections ΓÇö Round 1 & 2'[39m,
    [32m'Parliamentary Elections 2025'[39m,
    [32m'Automated voter counting'[39m
  ],
  type: [32m'electoral'[39m
} > 
  at <BasePanel id="projects" > 
  at <ProjectsPanel ref="VTU_COMPONENT" > 
  at <VTUROOT>
[Vue warn]: Failed to resolve component: VIcon
If this is a native custom element, make sure to exclude it from component 
resolution via compilerOptions.isCustomElement. 
  at <BaseTag key="Automation" label="Automation" > 
  at <ProjectCardSection key="electoral" project= {
  id: [32m'electoral'[39m,
  title: [32m'Electoral Voting Platform'[39m,
  description: [32m'Custom-built platform for managing and automating voter 
counting at polling stations across the Moldova Diaspora. Automated the entire 
process for transparent, real-time election monitoring.'[39m,
  tags: [ [32m'Python'[39m, [32m'FastAPI'[39m, [32m'PostgreSQL'[39m, 
[32m'Automation'[39m, [32m'Real-time'[39m ],
  imageUrl: [32m'/images/projects/electoral.webp'[39m,
  featured: [33mtrue[39m,
  highlights: [
    [32m'Presidential Elections ΓÇö Round 1 & 2'[39m,
    [32m'Parliamentary Elections 2025'[39m,
    [32m'Automated voter counting'[39m
  ],
  type: [32m'electoral'[39m
} > 
  at <BasePanel id="projects" > 
  at <ProjectsPanel ref="VTU_COMPONENT" > 
  at <VTUROOT>
[Vue warn]: Failed to resolve component: VIcon
If this is a native custom element, make sure to exclude it from component 
resolution via compilerOptions.isCustomElement. 
  at <BaseTag key="Real-time" label="Real-time" > 
  at <ProjectCardSection key="electoral" project= {
  id: [32m'electoral'[39m,
  title: [32m'Electoral Voting Platform'[39m,
  description: [32m'Custom-built platform for managing and automating voter 
counting at polling stations across the Moldova Diaspora. Automated the entire 
process for transparent, real-time election monitoring.'[39m,
  tags: [ [32m'Python'[39m, [32m'FastAPI'[39m, [32m'PostgreSQL'[39m, 
[32m'Automation'[39m, [32m'Real-time'[39m ],
  imageUrl: [32m'/images/projects/electoral.webp'[39m,
  featured: [33mtrue[39m,
  highlights: [
    [32m'Presidential Elections ΓÇö Round 1 & 2'[39m,
    [32m'Parliamentary Elections 2025'[39m,
    [32m'Automated voter counting'[39m
  ],
  type: [32m'electoral'[39m
} > 
  at <BasePanel id="projects" > 
  at <ProjectsPanel ref="VTU_COMPONENT" > 
  at <VTUROOT>
[Vue warn]: Failed to resolve component: VIcon
If this is a native custom element, make sure to exclude it from component 
resolution via compilerOptions.isCustomElement. 
  at <ProjectCardSection key="maintenance" project= {
  id: [32m'maintenance'[39m,
  title: [32m'Web Maintenance & Consulting'[39m,
  description: [32m'Ongoing maintenance, performance optimization, and technical 
consulting for established websites across different industries.'[39m,
  tags: [ [32m'WordPress'[39m, [32m'Laravel'[39m, [32m'React'[39m, 
[32m'Express.js'[39m, [32m'Shopify'[39m ],
  imageUrl: [32m'/images/projects/maintenance.webp'[39m,
  featured: [33mfalse[39m,
  highlights: [ [32m'mad-aid.org.uk'[39m, [32m'biotifulbrands.com'[39m, 
[32m'kykoty.ro'[39m ],
  type: [32m'client'[39m
} > 
  at <BasePanel id="projects" > 
  at <ProjectsPanel ref="VTU_COMPONENT" > 
  at <VTUROOT>
[Vue warn]: Failed to resolve component: VIcon
If this is a native custom element, make sure to exclude it from component 
resolution via compilerOptions.isCustomElement. 
  at <BaseTag key="WordPress" label="WordPress" > 
  at <ProjectCardSection key="maintenance" project= {
  id: [32m'maintenance'[39m,
  title: [32m'Web Maintenance & Consulting'[39m,
  description: [32m'Ongoing maintenance, performance optimization, and technical 
consulting for established websites across different industries.'[39m,
  tags: [ [32m'WordPress'[39m, [32m'Laravel'[39m, [32m'React'[39m, 
[32m'Express.js'[39m, [32m'Shopify'[39m ],
  imageUrl: [32m'/images/projects/maintenance.webp'[39m,
  featured: [33mfalse[39m,
  highlights: [ [32m'mad-aid.org.uk'[39m, [32m'biotifulbrands.com'[39m, 
[32m'kykoty.ro'[39m ],
  type: [32m'client'[39m
} > 
  at <BasePanel id="projects" > 
  at <ProjectsPanel ref="VTU_COMPONENT" > 
  at <VTUROOT>
[Vue warn]: Failed to resolve component: VIcon
If this is a native custom element, make sure to exclude it from component 
resolution via compilerOptions.isCustomElement. 
  at <BaseTag key="Laravel" label="Laravel" > 
  at <ProjectCardSection key="maintenance" project= {
  id: [32m'maintenance'[39m,
  title: [32m'Web Maintenance & Consulting'[39m,
  description: [32m'Ongoing maintenance, performance optimization, and technical 
consulting for established websites across different industries.'[39m,
  tags: [ [32m'WordPress'[39m, [32m'Laravel'[39m, [32m'React'[39m, 
[32m'Express.js'[39m, [32m'Shopify'[39m ],
  imageUrl: [32m'/images/projects/maintenance.webp'[39m,
  featured: [33mfalse[39m,
  highlights: [ [32m'mad-aid.org.uk'[39m, [32m'biotifulbrands.com'[39m, 
[32m'kykoty.ro'[39m ],
  type: [32m'client'[39m
} > 
  at <BasePanel id="projects" > 
  at <ProjectsPanel ref="VTU_COMPONENT" > 
  at <VTUROOT>
[Vue warn]: Failed to resolve component: VIcon
If this is a native custom element, make sure to exclude it from component 
resolution via compilerOptions.isCustomElement. 
  at <BaseTag key="React" label="React" > 
  at <ProjectCardSection key="maintenance" project= {
  id: [32m'maintenance'[39m,
  title: [32m'Web Maintenance & Consulting'[39m,
  description: [32m'Ongoing maintenance, performance optimization, and technical 
consulting for established websites across different industries.'[39m,
  tags: [ [32m'WordPress'[39m, [32m'Laravel'[39m, [32m'React'[39m, 
[32m'Express.js'[39m, [32m'Shopify'[39m ],
  imageUrl: [32m'/images/projects/maintenance.webp'[39m,
  featured: [33mfalse[39m,
  highlights: [ [32m'mad-aid.org.uk'[39m, [32m'biotifulbrands.com'[39m, 
[32m'kykoty.ro'[39m ],
  type: [32m'client'[39m
} > 
  at <BasePanel id="projects" > 
  at <ProjectsPanel ref="VTU_COMPONENT" > 
  at <VTUROOT>
[Vue warn]: Failed to resolve component: VIcon
If this is a native custom element, make sure to exclude it from component 
resolution via compilerOptions.isCustomElement. 
  at <BaseTag key="Express.js" label="Express.js" > 
  at <ProjectCardSection key="maintenance" project= {
  id: [32m'maintenance'[39m,
  title: [32m'Web Maintenance & Consulting'[39m,
  description: [32m'Ongoing maintenance, performance optimization, and technical 
consulting for established websites across different industries.'[39m,
  tags: [ [32m'WordPress'[39m, [32m'Laravel'[39m, [32m'React'[39m, 
[32m'Express.js'[39m, [32m'Shopify'[39m ],
  imageUrl: [32m'/images/projects/maintenance.webp'[39m,
  featured: [33mfalse[39m,
  highlights: [ [32m'mad-aid.org.uk'[39m, [32m'biotifulbrands.com'[39m, 
[32m'kykoty.ro'[39m ],
  type: [32m'client'[39m
} > 
  at <BasePanel id="projects" > 
  at <ProjectsPanel ref="VTU_COMPONENT" > 
  at <VTUROOT>
[Vue warn]: Failed to resolve component: VIcon
If this is a native custom element, make sure to exclude it from component 
resolution via compilerOptions.isCustomElement. 
  at <BaseTag key="Shopify" label="Shopify" > 
  at <ProjectCardSection key="maintenance" project= {
  id: [32m'maintenance'[39m,
  title: [32m'Web Maintenance & Consulting'[39m,
  description: [32m'Ongoing maintenance, performance optimization, and technical 
consulting for established websites across different industries.'[39m,
  tags: [ [32m'WordPress'[39m, [32m'Laravel'[39m, [32m'React'[39m, 
[32m'Express.js'[39m, [32m'Shopify'[39m ],
  imageUrl: [32m'/images/projects/maintenance.webp'[39m,
  featured: [33mfalse[39m,
  highlights: [ [32m'mad-aid.org.uk'[39m, [32m'biotifulbrands.com'[39m, 
[32m'kykoty.ro'[39m ],
  type: [32m'client'[39m
} > 
  at <BasePanel id="projects" > 
  at <ProjectsPanel ref="VTU_COMPONENT" > 
  at <VTUROOT>

[90mstderr[2m | src/components/intro/__tests__/TheIntroOverlay.spec.ts[2m > 
[22m[2mTheIntroOverlay[2m > [22m[2mrenders personal name
[22m[39m[Vue warn]: Failed to resolve component: VIcon
If this is a native custom element, make sure to exclude it from component 
resolution via compilerOptions.isCustomElement. 
  at <BaseSkipButton onSkip=fn<handleSkip> > 
  at <TheIntroOverlay ref="VTU_COMPONENT" > 
  at <VTUROOT>

[90mstderr[2m | src/components/panels/__tests__/ProjectsPanel.spec.ts[2m > 
[22m[2mProjectsPanel[2m > [22m[2mrenders Electoral project
[22m[39m[Vue warn]: Failed to resolve component: VIcon
If this is a native custom element, make sure to exclude it from component 
resolution via compilerOptions.isCustomElement. 
  at <ProjectCardSection key="driverhub" project= {
  id: [32m'driverhub'[39m,
  title: [32m'DriverHub.ro'[39m,
  description: [32m'Full-stack platform for driver management and services 
coordination. Built with scalable architecture handling real-time data processing 
and user interactions.'[39m,
  tags: [ [32m'Vue.js'[39m, [32m'FastAPI'[39m, [32m'PostgreSQL'[39m, 
[32m'Docker'[39m, [32m'Stripe'[39m ],
  imageUrl: [32m'/images/projects/driverhub.webp'[39m,
  liveUrl: [32m'https://driverhub.ro'[39m,
  featured: [33mtrue[39m,
  highlights: [ [32m'1000+ active users'[39m, [32m'Continuous growth'[39m, 
[32m'End-to-end solution'[39m ],
  type: [32m'platform'[39m
} > 
  at <BasePanel id="projects" > 
  at <ProjectsPanel ref="VTU_COMPONENT" > 
  at <VTUROOT>
[Vue warn]: Failed to resolve component: VIcon
If this is a native custom element, make sure to exclude it from component 
resolution via compilerOptions.isCustomElement. 
  at <BaseTag key="Vue.js" label="Vue.js" > 
  at <ProjectCardSection key="driverhub" project= {
  id: [32m'driverhub'[39m,
  title: [32m'DriverHub.ro'[39m,
  description: [32m'Full-stack platform for driver management and services 
coordination. Built with scalable architecture handling real-time data processing 
and user interactions.'[39m,
  tags: [ [32m'Vue.js'[39m, [32m'FastAPI'[39m, [32m'PostgreSQL'[39m, 
[32m'Docker'[39m, [32m'Stripe'[39m ],
  imageUrl: [32m'/images/projects/driverhub.webp'[39m,
  liveUrl: [32m'https://driverhub.ro'[39m,
  featured: [33mtrue[39m,
  highlights: [ [32m'1000+ active users'[39m, [32m'Continuous growth'[39m, 
[32m'End-to-end solution'[39m ],
  type: [32m'platform'[39m
} > 
  at <BasePanel id="projects" > 
  at <ProjectsPanel ref="VTU_COMPONENT" > 
  at <VTUROOT>
[Vue warn]: Failed to resolve component: VIcon
If this is a native custom element, make sure to exclude it from component 
resolution via compilerOptions.isCustomElement. 
  at <BaseTag key="FastAPI" label="FastAPI" > 
  at <ProjectCardSection key="driverhub" project= {
  id: [32m'driverhub'[39m,
  title: [32m'DriverHub.ro'[39m,
  description: [32m'Full-stack platform for driver management and services 
coordination. Built with scalable architecture handling real-time data processing 
and user interactions.'[39m,
  tags: [ [32m'Vue.js'[39m, [32m'FastAPI'[39m, [32m'PostgreSQL'[39m, 
[32m'Docker'[39m, [32m'Stripe'[39m ],
  imageUrl: [32m'/images/projects/driverhub.webp'[39m,
  liveUrl: [32m'https://driverhub.ro'[39m,
  featured: [33mtrue[39m,
  highlights: [ [32m'1000+ active users'[39m, [32m'Continuous growth'[39m, 
[32m'End-to-end solution'[39m ],
  type: [32m'platform'[39m
} > 
  at <BasePanel id="projects" > 
  at <ProjectsPanel ref="VTU_COMPONENT" > 
  at <VTUROOT>
[Vue warn]: Failed to resolve component: VIcon
If this is a native custom element, make sure to exclude it from component 
resolution via compilerOptions.isCustomElement. 
  at <BaseTag key="PostgreSQL" label="PostgreSQL" > 
  at <ProjectCardSection key="driverhub" project= {
  id: [32m'driverhub'[39m,
  title: [32m'DriverHub.ro'[39m,
  description: [32m'Full-stack platform for driver management and services 
coordination. Built with scalable architecture handling real-time data processing 
and user interactions.'[39m,
  tags: [ [32m'Vue.js'[39m, [32m'FastAPI'[39m, [32m'PostgreSQL'[39m, 
[32m'Docker'[39m, [32m'Stripe'[39m ],
  imageUrl: [32m'/images/projects/driverhub.webp'[39m,
  liveUrl: [32m'https://driverhub.ro'[39m,
  featured: [33mtrue[39m,
  highlights: [ [32m'1000+ active users'[39m, [32m'Continuous growth'[39m, 
[32m'End-to-end solution'[39m ],
  type: [32m'platform'[39m
} > 
  at <BasePanel id="projects" > 
  at <ProjectsPanel ref="VTU_COMPONENT" > 
  at <VTUROOT>
[Vue warn]: Failed to resolve component: VIcon
If this is a native custom element, make sure to exclude it from component 
resolution via compilerOptions.isCustomElement. 
  at <BaseTag key="Docker" label="Docker" > 
  at <ProjectCardSection key="driverhub" project= {
  id: [32m'driverhub'[39m,
  title: [32m'DriverHub.ro'[39m,
  description: [32m'Full-stack platform for driver management and services 
coordination. Built with scalable architecture handling real-time data processing 
and user interactions.'[39m,
  tags: [ [32m'Vue.js'[39m, [32m'FastAPI'[39m, [32m'PostgreSQL'[39m, 
[32m'Docker'[39m, [32m'Stripe'[39m ],
  imageUrl: [32m'/images/projects/driverhub.webp'[39m,
  liveUrl: [32m'https://driverhub.ro'[39m,
  featured: [33mtrue[39m,
  highlights: [ [32m'1000+ active users'[39m, [32m'Continuous growth'[39m, 
[32m'End-to-end solution'[39m ],
  type: [32m'platform'[39m
} > 
  at <BasePanel id="projects" > 
  at <ProjectsPanel ref="VTU_COMPONENT" > 
  at <VTUROOT>
[Vue warn]: Failed to resolve component: VIcon
If this is a native custom element, make sure to exclude it from component 
resolution via compilerOptions.isCustomElement. 
  at <BaseTag key="Stripe" label="Stripe" > 
  at <ProjectCardSection key="driverhub" project= {
  id: [32m'driverhub'[39m,
  title: [32m'DriverHub.ro'[39m,
  description: [32m'Full-stack platform for driver management and services 
coordination. Built with scalable architecture handling real-time data processing 
and user interactions.'[39m,
  tags: [ [32m'Vue.js'[39m, [32m'FastAPI'[39m, [32m'PostgreSQL'[39m, 
[32m'Docker'[39m, [32m'Stripe'[39m ],
  imageUrl: [32m'/images/projects/driverhub.webp'[39m,
  liveUrl: [32m'https://driverhub.ro'[39m,
  featured: [33mtrue[39m,
  highlights: [ [32m'1000+ active users'[39m, [32m'Continuous growth'[39m, 
[32m'End-to-end solution'[39m ],
  type: [32m'platform'[39m
} > 
  at <BasePanel id="projects" > 
  at <ProjectsPanel ref="VTU_COMPONENT" > 
  at <VTUROOT>
[Vue warn]: Failed to resolve component: VIcon
If this is a native custom element, make sure to exclude it from component 
resolution via compilerOptions.isCustomElement. 
  at <ProjectCardSection key="electoral" project= {
  id: [32m'electoral'[39m,
  title: [32m'Electoral Voting Platform'[39m,
  description: [32m'Custom-built platform for managing and automating voter 
counting at polling stations across the Moldova Diaspora. Automated the entire 
process for transparent, real-time election monitoring.'[39m,
  tags: [ [32m'Python'[39m, [32m'FastAPI'[39m, [32m'PostgreSQL'[39m, 
[32m'Automation'[39m, [32m'Real-time'[39m ],
  imageUrl: [32m'/images/projects/electoral.webp'[39m,
  featured: [33mtrue[39m,
  highlights: [
    [32m'Presidential Elections ΓÇö Round 1 & 2'[39m,
    [32m'Parliamentary Elections 2025'[39m,
    [32m'Automated voter counting'[39m
  ],
  type: [32m'electoral'[39m
} > 
  at <BasePanel id="projects" > 
  at <ProjectsPanel ref="VTU_COMPONENT" > 
  at <VTUROOT>
[Vue warn]: Failed to resolve component: VIcon
If this is a native custom element, make sure to exclude it from component 
resolution via compilerOptions.isCustomElement. 
  at <BaseTag key="Python" label="Python" > 
  at <ProjectCardSection key="electoral" project= {
  id: [32m'electoral'[39m,
  title: [32m'Electoral Voting Platform'[39m,
  description: [32m'Custom-built platform for managing and automating voter 
counting at polling stations across the Moldova Diaspora. Automated the entire 
process for transparent, real-time election monitoring.'[39m,
  tags: [ [32m'Python'[39m, [32m'FastAPI'[39m, [32m'PostgreSQL'[39m, 
[32m'Automation'[39m, [32m'Real-time'[39m ],
  imageUrl: [32m'/images/projects/electoral.webp'[39m,
  featured: [33mtrue[39m,
  highlights: [
    [32m'Presidential Elections ΓÇö Round 1 & 2'[39m,
    [32m'Parliamentary Elections 2025'[39m,
    [32m'Automated voter counting'[39m
  ],
  type: [32m'electoral'[39m
} > 
  at <BasePanel id="projects" > 
  at <ProjectsPanel ref="VTU_COMPONENT" > 
  at <VTUROOT>
[Vue warn]: Failed to resolve component: VIcon
If this is a native custom element, make sure to exclude it from component 
resolution via compilerOptions.isCustomElement. 
  at <BaseTag key="FastAPI" label="FastAPI" > 
  at <ProjectCardSection key="electoral" project= {
  id: [32m'electoral'[39m,
  title: [32m'Electoral Voting Platform'[39m,
  description: [32m'Custom-built platform for managing and automating voter 
counting at polling stations across the Moldova Diaspora. Automated the entire 
process for transparent, real-time election monitoring.'[39m,
  tags: [ [32m'Python'[39m, [32m'FastAPI'[39m, [32m'PostgreSQL'[39m, 
[32m'Automation'[39m, [32m'Real-time'[39m ],
  imageUrl: [32m'/images/projects/electoral.webp'[39m,
  featured: [33mtrue[39m,
  highlights: [
    [32m'Presidential Elections ΓÇö Round 1 & 2'[39m,
    [32m'Parliamentary Elections 2025'[39m,
    [32m'Automated voter counting'[39m
  ],
  type: [32m'electoral'[39m
} > 
  at <BasePanel id="projects" > 
  at <ProjectsPanel ref="VTU_COMPONENT" > 
  at <VTUROOT>
[Vue warn]: Failed to resolve component: VIcon
If this is a native custom element, make sure to exclude it from component 
resolution via compilerOptions.isCustomElement. 
  at <BaseTag key="PostgreSQL" label="PostgreSQL" > 
  at <ProjectCardSection key="electoral" project= {
  id: [32m'electoral'[39m,
  title: [32m'Electoral Voting Platform'[39m,
  description: [32m'Custom-built platform for managing and automating voter 
counting at polling stations across the Moldova Diaspora. Automated the entire 
process for transparent, real-time election monitoring.'[39m,
  tags: [ [32m'Python'[39m, [32m'FastAPI'[39m, [32m'PostgreSQL'[39m, 
[32m'Automation'[39m, [32m'Real-time'[39m ],
  imageUrl: [32m'/images/projects/electoral.webp'[39m,
  featured: [33mtrue[39m,
  highlights: [
    [32m'Presidential Elections ΓÇö Round 1 & 2'[39m,
    [32m'Parliamentary Elections 2025'[39m,
    [32m'Automated voter counting'[39m
  ],
  type: [32m'electoral'[39m
} > 
  at <BasePanel id="projects" > 
  at <ProjectsPanel ref="VTU_COMPONENT" > 
  at <VTUROOT>
[Vue warn]: Failed to resolve component: VIcon
If this is a native custom element, make sure to exclude it from component 
resolution via compilerOptions.isCustomElement. 
  at <BaseTag key="Automation" label="Automation" > 
  at <ProjectCardSection key="electoral" project= {
  id: [32m'electoral'[39m,
  title: [32m'Electoral Voting Platform'[39m,
  description: [32m'Custom-built platform for managing and automating voter 
counting at polling stations across the Moldova Diaspora. Automated the entire 
process for transparent, real-time election monitoring.'[39m,
  tags: [ [32m'Python'[39m, [32m'FastAPI'[39m, [32m'PostgreSQL'[39m, 
[32m'Automation'[39m, [32m'Real-time'[39m ],
  imageUrl: [32m'/images/projects/electoral.webp'[39m,
  featured: [33mtrue[39m,
  highlights: [
    [32m'Presidential Elections ΓÇö Round 1 & 2'[39m,
    [32m'Parliamentary Elections 2025'[39m,
    [32m'Automated voter counting'[39m
  ],
  type: [32m'electoral'[39m
} > 
  at <BasePanel id="projects" > 
  at <ProjectsPanel ref="VTU_COMPONENT" > 
  at <VTUROOT>
[Vue warn]: Failed to resolve component: VIcon
If this is a native custom element, make sure to exclude it from component 
resolution via compilerOptions.isCustomElement. 
  at <BaseTag key="Real-time" label="Real-time" > 
  at <ProjectCardSection key="electoral" project= {
  id: [32m'electoral'[39m,
  title: [32m'Electoral Voting Platform'[39m,
  description: [32m'Custom-built platform for managing and automating voter 
counting at polling stations across the Moldova Diaspora. Automated the entire 
process for transparent, real-time election monitoring.'[39m,
  tags: [ [32m'Python'[39m, [32m'FastAPI'[39m, [32m'PostgreSQL'[39m, 
[32m'Automation'[39m, [32m'Real-time'[39m ],
  imageUrl: [32m'/images/projects/electoral.webp'[39m,
  featured: [33mtrue[39m,
  highlights: [
    [32m'Presidential Elections ΓÇö Round 1 & 2'[39m,
    [32m'Parliamentary Elections 2025'[39m,
    [32m'Automated voter counting'[39m
  ],
  type: [32m'electoral'[39m
} > 
  at <BasePanel id="projects" > 
  at <ProjectsPanel ref="VTU_COMPONENT" > 
  at <VTUROOT>
[Vue warn]: Failed to resolve component: VIcon
If this is a native custom element, make sure to exclude it from component 
resolution via compilerOptions.isCustomElement. 
  at <ProjectCardSection key="maintenance" project= {
  id: [32m'maintenance'[39m,
  title: [32m'Web Maintenance & Consulting'[39m,
  description: [32m'Ongoing maintenance, performance optimization, and technical 
consulting for established websites across different industries.'[39m,
  tags: [ [32m'WordPress'[39m, [32m'Laravel'[39m, [32m'React'[39m, 
[32m'Express.js'[39m, [32m'Shopify'[39m ],
  imageUrl: [32m'/images/projects/maintenance.webp'[39m,
  featured: [33mfalse[39m,
  highlights: [ [32m'mad-aid.org.uk'[39m, [32m'biotifulbrands.com'[39m, 
[32m'kykoty.ro'[39m ],
  type: [32m'client'[39m
} > 
  at <BasePanel id="projects" > 
  at <ProjectsPanel ref="VTU_COMPONENT" > 
  at <VTUROOT>
[Vue warn]: Failed to resolve component: VIcon
If this is a native custom element, make sure to exclude it from component 
resolution via compilerOptions.isCustomElement. 
  at <BaseTag key="WordPress" label="WordPress" > 
  at <ProjectCardSection key="maintenance" project= {
  id: [32m'maintenance'[39m,
  title: [32m'Web Maintenance & Consulting'[39m,
  description: [32m'Ongoing maintenance, performance optimization, and technical 
consulting for established websites across different industries.'[39m,
  tags: [ [32m'WordPress'[39m, [32m'Laravel'[39m, [32m'React'[39m, 
[32m'Express.js'[39m, [32m'Shopify'[39m ],
  imageUrl: [32m'/images/projects/maintenance.webp'[39m,
  featured: [33mfalse[39m,
  highlights: [ [32m'mad-aid.org.uk'[39m, [32m'biotifulbrands.com'[39m, 
[32m'kykoty.ro'[39m ],
  type: [32m'client'[39m
} > 
  at <BasePanel id="projects" > 
  at <ProjectsPanel ref="VTU_COMPONENT" > 
  at <VTUROOT>
[Vue warn]: Failed to resolve component: VIcon
If this is a native custom element, make sure to exclude it from component 
resolution via compilerOptions.isCustomElement. 
  at <BaseTag key="Laravel" label="Laravel" > 
 [32mΓ£ô[39m src/components/intro/__tests__/TheIntroOverlay.spec.ts [2m([22m[2m3 tests[22m[2m)[22m[32m 83[2mms[22m[39m
 [32mΓ£ô[39m src/components/panels/__tests__/ProjectsPanel.spec.ts [2m([22m[2m3 tests[22m[2m)[22m[32m 73[2mms[22m[39m
  at <ProjectCardSection key="maintenance" project= {
  id: [32m'maintenance'[39m,
  title: [32m'Web Maintenance & Consulting'[39m,
  description: [32m'Ongoing maintenance, performance optimization, and technical 
consulting for established websites across different industries.'[39m,
  tags: [ [32m'WordPress'[39m, [32m'Laravel'[39m, [32m'React'[39m, 
[32m'Express.js'[39m, [32m'Shopify'[39m ],
  imageUrl: [32m'/images/projects/maintenance.webp'[39m,
  featured: [33mfalse[39m,
  highlights: [ [32m'mad-aid.org.uk'[39m, [32m'biotifulbrands.com'[39m, 
[32m'kykoty.ro'[39m ],
  type: [32m'client'[39m
} > 
  at <BasePanel id="projects" > 
  at <ProjectsPanel ref="VTU_COMPONENT" > 
  at <VTUROOT>
[Vue warn]: Failed to resolve component: VIcon
If this is a native custom element, make sure to exclude it from component 
resolution via compilerOptions.isCustomElement. 
  at <BaseTag key="React" label="React" > 
  at <ProjectCardSection key="maintenance" project= {
  id: [32m'maintenance'[39m,
  title: [32m'Web Maintenance & Consulting'[39m,
  description: [32m'Ongoing maintenance, performance optimization, and technical 
consulting for established websites across different industries.'[39m,
  tags: [ [32m'WordPress'[39m, [32m'Laravel'[39m, [32m'React'[39m, 
[32m'Express.js'[39m, [32m'Shopify'[39m ],
  imageUrl: [32m'/images/projects/maintenance.webp'[39m,
  featured: [33mfalse[39m,
  highlights: [ [32m'mad-aid.org.uk'[39m, [32m'biotifulbrands.com'[39m, 
[32m'kykoty.ro'[39m ],
  type: [32m'client'[39m
} > 
  at <BasePanel id="projects" > 
  at <ProjectsPanel ref="VTU_COMPONENT" > 
  at <VTUROOT>
[Vue warn]: Failed to resolve component: VIcon
If this is a native custom element, make sure to exclude it from component 
resolution via compilerOptions.isCustomElement. 
  at <BaseTag key="Express.js" label="Express.js" > 
  at <ProjectCardSection key="maintenance" project= {
  id: [32m'maintenance'[39m,
  title: [32m'Web Maintenance & Consulting'[39m,
  description: [32m'Ongoing maintenance, performance optimization, and technical 
consulting for established websites across different industries.'[39m,
  tags: [ [32m'WordPress'[39m, [32m'Laravel'[39m, [32m'React'[39m, 
[32m'Express.js'[39m, [32m'Shopify'[39m ],
  imageUrl: [32m'/images/projects/maintenance.webp'[39m,
  featured: [33mfalse[39m,
  highlights: [ [32m'mad-aid.org.uk'[39m, [32m'biotifulbrands.com'[39m, 
[32m'kykoty.ro'[39m ],
  type: [32m'client'[39m
} > 
  at <BasePanel id="projects" > 
  at <ProjectsPanel ref="VTU_COMPONENT" > 
  at <VTUROOT>
[Vue warn]: Failed to resolve component: VIcon
If this is a native custom element, make sure to exclude it from component 
resolution via compilerOptions.isCustomElement. 
  at <BaseTag key="Shopify" label="Shopify" > 
  at <ProjectCardSection key="maintenance" project= {
  id: [32m'maintenance'[39m,
  title: [32m'Web Maintenance & Consulting'[39m,
  description: [32m'Ongoing maintenance, performance optimization, and technical 
consulting for established websites across different industries.'[39m,
  tags: [ [32m'WordPress'[39m, [32m'Laravel'[39m, [32m'React'[39m, 
[32m'Express.js'[39m, [32m'Shopify'[39m ],
  imageUrl: [32m'/images/projects/maintenance.webp'[39m,
  featured: [33mfalse[39m,
  highlights: [ [32m'mad-aid.org.uk'[39m, [32m'biotifulbrands.com'[39m, 
[32m'kykoty.ro'[39m ],
  type: [32m'client'[39m
} > 
  at <BasePanel id="projects" > 
  at <ProjectsPanel ref="VTU_COMPONENT" > 
  at <VTUROOT>

[90mstderr[2m | src/components/panels/__tests__/ContactPanel.spec.ts[2m > 
[22m[2mContactPanel[2m > [22m[2mrenders section heading
[22m[39m[Vue warn]: Failed to resolve component: VIcon
If this is a native custom element, make sure to exclude it from component 
resolution via compilerOptions.isCustomElement. 
  at <ContactPanel ref="VTU_COMPONENT" > 
  at <VTUROOT>
[Vue warn]: Failed to resolve component: VIcon
If this is a native custom element, make sure to exclude it from component 
resolution via compilerOptions.isCustomElement. 
  at <BaseSocialLink href="https://www.linkedin.com/in/ionrusu114" 
icon="fa-linkedin" label="LinkedIn" > 
  at <BasePanel id="contact" > 
  at <ContactPanel ref="VTU_COMPONENT" > 
  at <VTUROOT>
[Vue warn]: Failed to resolve component: VIcon
If this is a native custom element, make sure to exclude it from component 
resolution via compilerOptions.isCustomElement. 
  at <BaseSocialLink href="https://github.com/ionrusu114" icon="fa-github" 
label="GitHub" > 
  at <BasePanel id="contact" > 
  at <ContactPanel ref="VTU_COMPONENT" > 
  at <VTUROOT>
[Vue warn]: Failed to resolve component: VIcon
If this is a native custom element, make sure to exclude it from component 
resolution via compilerOptions.isCustomElement. 
  at <BaseSocialLink href="mailto:ionrusu114@gmail.com" icon="bi-envelope" 
label="ionrusu114@gmail.com" > 
  at <BasePanel id="contact" > 
  at <ContactPanel ref="VTU_COMPONENT" > 
  at <VTUROOT>

[90mstderr[2m | src/components/panels/__tests__/ContactPanel.spec.ts[2m > 
[22m[2mContactPanel[2m > [22m[2mrenders LinkedIn link
[22m[39m[Vue warn]: Failed to resolve component: VIcon
If this is a native custom element, make sure to exclude it from component 
resolution via compilerOptions.isCustomElement. 
  at <ContactPanel ref="VTU_COMPONENT" > 
  at <VTUROOT>
[Vue warn]: Failed to resolve component: VIcon
If this is a native custom element, make sure to exclude it from component 
resolution via compilerOptions.isCustomElement. 
  at <BaseSocialLink href="https://www.linkedin.com/in/ionrusu114" 
icon="fa-linkedin" label="LinkedIn" > 
  at <BasePanel id="contact" > 
  at <ContactPanel ref="VTU_COMPONENT" > 
  at <VTUROOT>
[Vue warn]: Failed to resolve component: VIcon
If this is a native custom element, make sure to exclude it from component 
resolution via compilerOptions.isCustomElement. 
  at <BaseSocialLink href="https://github.com/ionrusu114" icon="fa-github" 
label="GitHub" > 
  at <BasePanel id="contact" > 
  at <ContactPanel ref="VTU_COMPONENT" > 
  at <VTUROOT>
[Vue warn]: Failed to resolve component: VIcon
If this is a native custom element, make sure to exclude it from component 
resolution via compilerOptions.isCustomElement. 
  at <BaseSocialLink href="mailto:ionrusu114@gmail.com" icon="bi-envelope" 
label="ionrusu114@gmail.com" > 
  at <BasePanel id="contact" > 
  at <ContactPanel ref="VTU_COMPONENT" > 
  at <VTUROOT>

[90mstderr[2m | src/components/panels/__tests__/ContactPanel.spec.ts[2m > 
[22m[2mContactPanel[2m > [22m[2mrenders GitHub link
[22m[39m[Vue warn]: Failed to resolve component: VIcon
If this is a native custom element, make sure to exclude it from component 
resolution via compilerOptions.isCustomElement. 
  at <ContactPanel ref="VTU_COMPONENT" > 
  at <VTUROOT>
[Vue warn]: Failed to resolve component: VIcon
If this is a native custom element, make sure to exclude it from component 
resolution via compilerOptions.isCustomElement. 
  at <BaseSocialLink href="https://www.linkedin.com/in/ionrusu114" 
icon="fa-linkedin" label="LinkedIn" > 
  at <BasePanel id="contact" > 
  at <ContactPanel ref="VTU_COMPONENT" > 
  at <VTUROOT>
[Vue warn]: Failed to resolve component: VIcon
If this is a native custom element, make sure to exclude it from component 
resolution via compilerOptions.isCustomElement. 
  at <BaseSocialLink href="https://github.com/ionrusu114" icon="fa-github" 
label="GitHub" > 
  at <BasePanel id="contact" > 
  at <ContactPanel ref="VTU_COMPONENT" > 
  at <VTUROOT>
[Vue warn]: Failed to resolve component: VIcon
If this is a native custom element, make sure to exclude it from component 
resolution via compilerOptions.isCustomElement. 
  at <BaseSocialLink href="mailto:ionrusu114@gmail.com" icon="bi-envelope" 
label="ionrusu114@gmail.com" > 
  at <BasePanel id="contact" > 
  at <ContactPanel ref="VTU_COMPONENT" > 
  at <VTUROOT>

[90mstderr[2m | src/components/panels/__tests__/ContactPanel.spec.ts[2m > 
[22m[2mContactPanel[2m > [22m[2mrenders email
[22m[39m[Vue warn]: Failed to resolve component: VIcon
If this is a native custom element, make sure to exclude it from component 
resolution via compilerOptions.isCustomElement. 
  at <ContactPanel ref="VTU_COMPONENT" > 
  at <VTUROOT>
[Vue warn]: Failed to resolve component: VIcon
If this is a native custom element, make sure to exclude it from component 
resolution via compilerOptions.isCustomElement. 
  at <BaseSocialLink href="https://www.linkedin.com/in/ionrusu114" 
icon="fa-linkedin" label="LinkedIn" > 
  at <BasePanel id="contact" > 
  at <ContactPanel ref="VTU_COMPONENT" > 
  at <VTUROOT>
[Vue warn]: Failed to resolve component: VIcon
If this is a native custom element, make sure to exclude it from component 
resolution via compilerOptions.isCustomElement. 
  at <BaseSocialLink href="https://github.com/ionrusu114" icon="fa-github" 
label="GitHub" > 
  at <BasePanel id="contact" > 
  at <ContactPanel ref="VTU_COMPONENT" > 
  at <VTUROOT>
[Vue warn]: Failed to resolve component: VIcon
If this is a native custom element, make sure to exclude it from component 
resolution via compilerOptions.isCustomElement. 
  at <BaseSocialLink href="mailto:ionrusu114@gmail.com" icon="bi-envelope" 
label="ionrusu114@gmail.com" > 
  at <BasePanel id="contact" > 
  at <ContactPanel ref="VTU_COMPONENT" > 
  at <VTUROOT>

[90mstderr[2m | src/components/panels/__tests__/ContactPanel.spec.ts[2m > 
[22m[2mContactPanel[2m > [22m[2mrenders phone number
[22m[39m[Vue warn]: Failed to resolve component: VIcon
If this is a native custom element, make sure to exclude it from component 
resolution via compilerOptions.isCustomElement. 
  at <ContactPanel ref="VTU_COMPONENT" > 
  at <VTUROOT>
[Vue warn]: Failed to resolve component: VIcon
If this is a native custom element, make sure to exclude it from component 
resolution via compilerOptions.isCustomElement. 
  at <BaseSocialLink href="https://www.linkedin.com/in/ionrusu114" 
icon="fa-linkedin" label="LinkedIn" > 
  at <BasePanel id="contact" > 
  at <ContactPanel ref="VTU_COMPONENT" > 
  at <VTUROOT>
[Vue warn]: Failed to resolve component: VIcon
If this is a native custom element, make sure to exclude it from component 
resolution via compilerOptions.isCustomElement. 
  at <BaseSocialLink href="https://github.com/ionrusu114" icon="fa-github" 
label="GitHub" > 
  at <BasePanel id="contact" > 
  at <ContactPanel ref="VTU_COMPONENT" > 
  at <VTUROOT>
[Vue warn]: Failed to resolve component: VIcon
If this is a native custom element, make sure to exclude it from component 
resolution via compilerOptions.isCustomElement. 
  at <BaseSocialLink href="mailto:ionrusu114@gmail.com" icon="bi-envelope" 
label="ionrusu114@gmail.com" > 
  at <BasePanel id="contact" > 
  at <ContactPanel ref="VTU_COMPONENT" > 
  at <VTUROOT>

 [32mΓ£ô[39m src/components/panels/__tests__/ContactPanel.spec.ts [2m([22m[2m5 tests[22m[2m)[22m[32m 60[2mms[22m[39m
[90mstderr[2m | src/components/panels/__tests__/GetOfferPanel.spec.ts[2m > 
[22m[2mGetOfferPanel[2m > [22m[2mrenders section heading
[22m[39m[Vue warn]: Failed to resolve component: VIcon
If this is a native custom element, make sure to exclude it from component 
resolution via compilerOptions.isCustomElement. 
  at <ChatInterfaceSection> 
  at <BasePanel id="get-offer" > 
  at <GetOfferPanel ref="VTU_COMPONENT" > 
  at <VTUROOT>
[Vue warn]: Failed to resolve component: VIcon
If this is a native custom element, make sure to exclude it from component 
resolution via compilerOptions.isCustomElement. 
  at <BudgetSelectorSection> 
  at <BasePanel id="get-offer" > 
  at <GetOfferPanel ref="VTU_COMPONENT" > 
  at <VTUROOT>
[Vue warn]: Failed to resolve component: VIcon
If this is a native custom element, make sure to exclude it from component 
resolution via compilerOptions.isCustomElement. 
  at <TimelineSelectorSection> 
  at <BasePanel id="get-offer" > 
  at <GetOfferPanel ref="VTU_COMPONENT" > 
  at <VTUROOT>

[90mstderr[2m | src/components/panels/__tests__/GetOfferPanel.spec.ts[2m > 
[22m[2mGetOfferPanel[2m > [22m[2mrenders chat interface with demo messages
[22m[39m[Vue warn]: Failed to resolve component: VIcon
If this is a native custom element, make sure to exclude it from component 
resolution via compilerOptions.isCustomElement. 
  at <ChatInterfaceSection> 
  at <BasePanel id="get-offer" > 
  at <GetOfferPanel ref="VTU_COMPONENT" > 
  at <VTUROOT>
[Vue warn]: Failed to resolve component: VIcon
If this is a native custom element, make sure to exclude it from component 
resolution via compilerOptions.isCustomElement. 
  at <BudgetSelectorSection> 
  at <BasePanel id="get-offer" > 
  at <GetOfferPanel ref="VTU_COMPONENT" > 
  at <VTUROOT>
[Vue warn]: Failed to resolve component: VIcon
If this is a native custom element, make sure to exclude it from component 
resolution via compilerOptions.isCustomElement. 
  at <TimelineSelectorSection> 
  at <BasePanel id="get-offer" > 
  at <GetOfferPanel ref="VTU_COMPONENT" > 
  at <VTUROOT>

[90mstderr[2m | src/components/panels/__tests__/GetOfferPanel.spec.ts[2m > 
[22m[2mGetOfferPanel[2m > [22m[2mrenders budget options
[22m[39m[Vue warn]: Failed to resolve component: VIcon
If this is a native custom element, make sure to exclude it from component 
resolution via compilerOptions.isCustomElement. 
  at <ChatInterfaceSection> 
  at <BasePanel id="get-offer" > 
  at <GetOfferPanel ref="VTU_COMPONENT" > 
  at <VTUROOT>
[Vue warn]: Failed to resolve component: VIcon
If this is a native custom element, make sure to exclude it from component 
resolution via compilerOptions.isCustomElement. 
  at <BudgetSelectorSection> 
  at <BasePanel id="get-offer" > 
  at <GetOfferPanel ref="VTU_COMPONENT" > 
  at <VTUROOT>
[Vue warn]: Failed to resolve component: VIcon
If this is a native custom element, make sure to exclude it from component 
resolution via compilerOptions.isCustomElement. 
  at <TimelineSelectorSection> 
  at <BasePanel id="get-offer" > 
  at <GetOfferPanel ref="VTU_COMPONENT" > 
  at <VTUROOT>

[90mstderr[2m | src/components/panels/__tests__/GetOfferPanel.spec.ts[2m > 
[22m[2mGetOfferPanel[2m > [22m[2mrenders timeline selector
[22m[39m[Vue warn]: Failed to resolve component: VIcon
If this is a native custom element, make sure to exclude it from component 
resolution via compilerOptions.isCustomElement. 
  at <ChatInterfaceSection> 
  at <BasePanel id="get-offer" > 
  at <GetOfferPanel ref="VTU_COMPONENT" > 
  at <VTUROOT>
[Vue warn]: Failed to resolve component: VIcon
If this is a native custom element, make sure to exclude it from component 
resolution via compilerOptions.isCustomElement. 
  at <BudgetSelectorSection> 
  at <BasePanel id="get-offer" > 
  at <GetOfferPanel ref="VTU_COMPONENT" > 
  at <VTUROOT>
[Vue warn]: Failed to resolve component: VIcon
If this is a native custom element, make sure to exclude it from component 
resolution via compilerOptions.isCustomElement. 
  at <TimelineSelectorSection> 
  at <BasePanel id="get-offer" > 
  at <GetOfferPanel ref="VTU_COMPONENT" > 
  at <VTUROOT>

 [32mΓ£ô[39m src/components/panels/__tests__/GetOfferPanel.spec.ts [2m([22m[2m4 tests[22m[2m)[22m[32m 78[2mms[22m[39m
 [32mΓ£ô[39m src/components/ui/__tests__/BaseRangeSlider.spec.ts [2m([22m[2m4 tests[22m[2m)[22m[32m 59[2mms[22m[39m
 [32mΓ£ô[39m src/components/layout/__tests__/TheNavIndicator.spec.ts [2m([22m[2m2 tests[22m[2m)[22m[32m 65[2mms[22m[39m
[90mstderr[2m | 
src/components/sections/__tests__/ProjectCardSection.spec.ts[2m > 
[22m[2mProjectCardSection[2m > [22m[2mrenders project title
[22m[39m[Vue warn]: Failed to resolve component: VIcon
If this is a native custom element, make sure to exclude it from component 
resolution via compilerOptions.isCustomElement. 
  at <ProjectCardSection project= {
  id: [32m'test'[39m,
  title: [32m'Test Project'[39m,
  description: [32m'A test project'[39m,
  tags: [ [32m'Vue.js'[39m, [32m'TypeScript'[39m ],
  imageUrl: [32m'/test.webp'[39m,
  featured: [33mtrue[39m,
  highlights: [ [32m'100 users'[39m, [32m'Fast'[39m ],
  type: [32m'platform'[39m,
  liveUrl: [32m'https://example.com'[39m
} ref="VTU_COMPONENT" > 
  at <VTUROOT>
[Vue warn]: Failed to resolve component: VIcon
If this is a native custom element, make sure to exclude it from component 
resolution via compilerOptions.isCustomElement. 
  at <BaseTag key="Vue.js" label="Vue.js" > 
  at <ProjectCardSection project= {
  id: [32m'test'[39m,
  title: [32m'Test Project'[39m,
  description: [32m'A test project'[39m,
  tags: [ [32m'Vue.js'[39m, [32m'TypeScript'[39m ],
  imageUrl: [32m'/test.webp'[39m,
  featured: [33mtrue[39m,
  highlights: [ [32m'100 users'[39m, [32m'Fast'[39m ],
  type: [32m'platform'[39m,
  liveUrl: [32m'https://example.com'[39m
} ref="VTU_COMPONENT" > 
  at <VTUROOT>
[Vue warn]: Failed to resolve component: VIcon
If this is a native custom element, make sure to exclude it from component 
resolution via compilerOptions.isCustomElement. 
  at <BaseTag key="TypeScript" label="TypeScript" > 
  at <ProjectCardSection project= {
  id: [32m'test'[39m,
  title: [32m'Test Project'[39m,
  description: [32m'A test project'[39m,
  tags: [ [32m'Vue.js'[39m, [32m'TypeScript'[39m ],
  imageUrl: [32m'/test.webp'[39m,
  featured: [33mtrue[39m,
  highlights: [ [32m'100 users'[39m, [32m'Fast'[39m ],
  type: [32m'platform'[39m,
  liveUrl: [32m'https://example.com'[39m
} ref="VTU_COMPONENT" > 
  at <VTUROOT>

[90mstderr[2m | 
src/components/sections/__tests__/ProjectCardSection.spec.ts[2m > 
[22m[2mProjectCardSection[2m > [22m[2mrenders featured badge when featured
[22m[39m[Vue warn]: Failed to resolve component: VIcon
If this is a native custom element, make sure to exclude it from component 
resolution via compilerOptions.isCustomElement. 
  at <ProjectCardSection project= {
  id: [32m'test'[39m,
  title: [32m'Test Project'[39m,
  description: [32m'A test project'[39m,
  tags: [ [32m'Vue.js'[39m, [32m'TypeScript'[39m ],
  imageUrl: [32m'/test.webp'[39m,
  featured: [33mtrue[39m,
  highlights: [ [32m'100 users'[39m, [32m'Fast'[39m ],
  type: [32m'platform'[39m,
  liveUrl: [32m'https://example.com'[39m
} ref="VTU_COMPONENT" > 
  at <VTUROOT>
[Vue warn]: Failed to resolve component: VIcon
If this is a native custom element, make sure to exclude it from component 
resolution via compilerOptions.isCustomElement. 
  at <BaseTag key="Vue.js" label="Vue.js" > 
  at <ProjectCardSection project= {
  id: [32m'test'[39m,
  title: [32m'Test Project'[39m,
  description: [32m'A test project'[39m,
  tags: [ [32m'Vue.js'[39m, [32m'TypeScript'[39m ],
  imageUrl: [32m'/test.webp'[39m,
  featured: [33mtrue[39m,
  highlights: [ [32m'100 users'[39m, [32m'Fast'[39m ],
  type: [32m'platform'[39m,
  liveUrl: [32m'https://example.com'[39m
} ref="VTU_COMPONENT" > 
  at <VTUROOT>
[Vue warn]: Failed to resolve component: VIcon
If this is a native custom element, make sure to exclude it from component 
resolution via compilerOptions.isCustomElement. 
  at <BaseTag key="TypeScript" label="TypeScript" > 
  at <ProjectCardSection project= {
  id: [32m'test'[39m,
  title: [32m'Test Project'[39m,
  description: [32m'A test project'[39m,
  tags: [ [32m'Vue.js'[39m, [32m'TypeScript'[39m ],
  imageUrl: [32m'/test.webp'[39m,
  featured: [33mtrue[39m,
  highlights: [ [32m'100 users'[39m, [32m'Fast'[39m ],
  type: [32m'platform'[39m,
  liveUrl: [32m'https://example.com'[39m
} ref="VTU_COMPONENT" > 
  at <VTUROOT>

[90mstderr[2m | src/components/ui/__tests__/BaseSocialLink.spec.ts[2m > 
[22m[2mBaseSocialLink[2m > [22m[2mrenders link with correct href
[22m[39m[Vue warn]: Failed to resolve component: VIcon
If this is a native custom element, make sure to exclude it from component 
resolution via compilerOptions.isCustomElement. 
  at <BaseSocialLink href="https://github.com/ionrusu114" icon="fa-github" 
label="GitHub"  ... > 
  at <VTUROOT>

[90mstderr[2m | 
src/components/sections/__tests__/ProjectCardSection.spec.ts[2m > 
[22m[2mProjectCardSection[2m > [22m[2mrenders highlights
[22m[39m[Vue warn]: Failed to resolve component: VIcon
If this is a native custom element, make sure to exclude it from component 
resolution via compilerOptions.isCustomElement. 
  at <ProjectCardSection project= {
  id: [32m'test'[39m,
  title: [32m'Test Project'[39m,
  description: [32m'A test project'[39m,
  tags: [ [32m'Vue.js'[39m, [32m'TypeScript'[39m ],
  imageUrl: [32m'/test.webp'[39m,
  featured: [33mtrue[39m,
  highlights: [ [32m'100 users'[39m, [32m'Fast'[39m ],
  type: [32m'platform'[39m,
  liveUrl: [32m'https://example.com'[39m
} ref="VTU_COMPONENT" > 
  at <VTUROOT>
[Vue warn]: Failed to resolve component: VIcon
If this is a native custom element, make sure to exclude it from component 
resolution via compilerOptions.isCustomElement. 
  at <BaseTag key="Vue.js" label="Vue.js" > 
  at <ProjectCardSection project= {
  id: [32m'test'[39m,
  title: [32m'Test Project'[39m,
  description: [32m'A test project'[39m,
  tags: [ [32m'Vue.js'[39m, [32m'TypeScript'[39m ],
  imageUrl: [32m'/test.webp'[39m,
  featured: [33mtrue[39m,
  highlights: [ [32m'100 users'[39m, [32m'Fast'[39m ],
  type: [32m'platform'[39m,
  liveUrl: [32m'https://example.com'[39m
} ref="VTU_COMPONENT" > 
  at <VTUROOT>
[Vue warn]: Failed to resolve component: VIcon
If this is a native custom element, make sure to exclude it from component 
resolution via compilerOptions.isCustomElement. 
  at <BaseTag key="TypeScript" label="TypeScript" > 
  at <ProjectCardSection project= {
  id: [32m'test'[39m,
  title: [32m'Test Project'[39m,
  description: [32m'A test project'[39m,
  tags: [ [32m'Vue.js'[39m, [32m'TypeScript'[39m ],
  imageUrl: [32m'/test.webp'[39m,
  featured: [33mtrue[39m,
  highlights: [ [32m'100 users'[39m, [32m'Fast'[39m ],
  type: [32m'platform'[39m,
  liveUrl: [32m'https://example.com'[39m
} ref="VTU_COMPONENT" > 
  at <VTUROOT>

[90mstderr[2m | src/components/ui/__tests__/BaseSocialLink.spec.ts[2m > 
[22m[2mBaseSocialLink[2m > [22m[2mopens in new tab
[22m[39m[Vue warn]: Failed to resolve component: VIcon
If this is a native custom element, make sure to exclude it from component 
resolution via compilerOptions.isCustomElement. 
  at <BaseSocialLink href="https://github.com/ionrusu114" icon="fa-github" 
label="GitHub"  ... > 
  at <VTUROOT>

[90mstderr[2m | src/components/ui/__tests__/BaseSocialLink.spec.ts[2m > 
[22m[2mBaseSocialLink[2m > [22m[2mrenders label text
[22m[39m[Vue warn]: Failed to resolve component: VIcon
If this is a native custom element, make sure to exclude it from component 
resolution via compilerOptions.isCustomElement. 
  at <BaseSocialLink href="https://github.com/ionrusu114" icon="fa-github" 
label="GitHub"  ... > 
  at <VTUROOT>

 [32mΓ£ô[39m src/components/ui/__tests__/BaseSocialLink.spec.ts [2m([22m[2m3 tests[22m[2m)[22m[32m 50[2mms[22m[39m
[90mstderr[2m | 
src/components/sections/__tests__/ProjectCardSection.spec.ts[2m > 
[22m[2mProjectCardSection[2m > [22m[2mrenders live link when provided
[22m[39m[Vue warn]: Failed to resolve component: VIcon
If this is a native custom element, make sure to exclude it from component 
resolution via compilerOptions.isCustomElement. 
  at <ProjectCardSection project= {
  id: [32m'test'[39m,
  title: [32m'Test Project'[39m,
  description: [32m'A test project'[39m,
  tags: [ [32m'Vue.js'[39m, [32m'TypeScript'[39m ],
  imageUrl: [32m'/test.webp'[39m,
  featured: [33mtrue[39m,
  highlights: [ [32m'100 users'[39m, [32m'Fast'[39m ],
  type: [32m'platform'[39m,
  liveUrl: [32m'https://example.com'[39m
} ref="VTU_COMPONENT" > 
  at <VTUROOT>
[Vue warn]: Failed to resolve component: VIcon
If this is a native custom element, make sure to exclude it from component 
resolution via compilerOptions.isCustomElement. 
  at <BaseTag key="Vue.js" label="Vue.js" > 
  at <ProjectCardSection project= {
  id: [32m'test'[39m,
  title: [32m'Test Project'[39m,
  description: [32m'A test project'[39m,
  tags: [ [32m'Vue.js'[39m, [32m'TypeScript'[39m ],
  imageUrl: [32m'/test.webp'[39m,
  featured: [33mtrue[39m,
  highlights: [ [32m'100 users'[39m, [32m'Fast'[39m ],
  type: [32m'platform'[39m,
  liveUrl: [32m'https://example.com'[39m
} ref="VTU_COMPONENT" > 
  at <VTUROOT>
[Vue warn]: Failed to resolve component: VIcon
If this is a native custom element, make sure to exclude it from component 
resolution via compilerOptions.isCustomElement. 
  at <BaseTag key="TypeScript" label="TypeScript" > 
  at <ProjectCardSection project= {
  id: [32m'test'[39m,
  title: [32m'Test Project'[39m,
  description: [32m'A test project'[39m,
  tags: [ [32m'Vue.js'[39m, [32m'TypeScript'[39m ],
  imageUrl: [32m'/test.webp'[39m,
  featured: [33mtrue[39m,
  highlights: [ [32m'100 users'[39m, [32m'Fast'[39m ],
  type: [32m'platform'[39m,
  liveUrl: [32m'https://example.com'[39m
} ref="VTU_COMPONENT" > 
  at <VTUROOT>

 [32mΓ£ô[39m src/components/sections/__tests__/ProjectCardSection.spec.ts [2m([22m[2m4 tests[22m[2m)[22m[32m 75[2mms[22m[39m
 [32mΓ£ô[39m src/components/ui/__tests__/BaseChatBubble.spec.ts [2m([22m[2m4 tests[22m[2m)[22m[32m 59[2mms[22m[39m
 [32mΓ£ô[39m src/components/layout/__tests__/TheHorizontalScroller.spec.ts [2m([22m[2m3 tests[22m[2m)[22m[32m 60[2mms[22m[39m
 [32mΓ£ô[39m src/components/ui/__tests__/BaseGlowText.spec.ts [2m([22m[2m4 tests[22m[2m)[22m[32m 48[2mms[22m[39m
[90mstderr[2m | src/components/intro/__tests__/BaseSkipButton.spec.ts[2m > 
[22m[2mBaseSkipButton[2m > [22m[2mrenders skip text
[22m[39m[Vue warn]: Failed to resolve component: VIcon
If this is a native custom element, make sure to exclude it from component 
resolution via compilerOptions.isCustomElement. 
  at <BaseSkipButton ref="VTU_COMPONENT" > 
  at <VTUROOT>

[90mstderr[2m | src/components/intro/__tests__/BaseSkipButton.spec.ts[2m > 
[22m[2mBaseSkipButton[2m > [22m[2memits skip event on click
[22m[39m[Vue warn]: Failed to resolve component: VIcon
If this is a native custom element, make sure to exclude it from component 
resolution via compilerOptions.isCustomElement. 
  at <BaseSkipButton ref="VTU_COMPONENT" > 
  at <VTUROOT>

 [32mΓ£ô[39m src/components/intro/__tests__/BaseSkipButton.spec.ts [2m([22m[2m2 tests[22m[2m)[22m[32m 55[2mms[22m[39m
[90mstderr[2m | src/components/ui/__tests__/BaseTag.spec.ts[2m > 
[22m[2mBaseTag[2m > [22m[2mrenders label text
[22m[39m[Vue warn]: Failed to resolve component: VIcon
If this is a native custom element, make sure to exclude it from component 
resolution via compilerOptions.isCustomElement. 
  at <BaseTag label="Vue.js" ref="VTU_COMPONENT" > 
  at <VTUROOT>

[90mstderr[2m | src/components/ui/__tests__/BaseTag.spec.ts[2m > 
[22m[2mBaseTag[2m > [22m[2mapplies active styles when active
[22m[39m[Vue warn]: Failed to resolve component: VIcon
If this is a native custom element, make sure to exclude it from component 
resolution via compilerOptions.isCustomElement. 
  at <BaseTag label="Vue.js" active=true ref="VTU_COMPONENT" > 
  at <VTUROOT>

[90mstderr[2m | src/components/ui/__tests__/BaseTag.spec.ts[2m > 
[22m[2mBaseTag[2m > [22m[2mapplies inactive styles by default
[22m[39m[Vue warn]: Failed to resolve component: VIcon
If this is a native custom element, make sure to exclude it from component 
resolution via compilerOptions.isCustomElement. 
  at <BaseTag label="Vue.js" ref="VTU_COMPONENT" > 
  at <VTUROOT>

 [32mΓ£ô[39m src/components/ui/__tests__/BaseTag.spec.ts [2m([22m[2m3 tests[22m[2m)[22m[32m 42[2mms[22m[39m
[90mstderr[2m | src/composables/__tests__/useRealisticThreeScene.spec.ts[2m > 
[22m[2museRealisticThreeScene[2m > [22m[2mprovides a dispose function and 
initializes correctly
[22m[39m[Vue warn]: onMounted is called when there is no active component 
instance to be associated with. Lifecycle injection APIs can only be used during 
execution of setup(). If you are using async setup(), make sure to register 
lifecycle hooks before the first await statement.
[Vue warn]: onUnmounted is called when there is no active component instance to 
be associated with. Lifecycle injection APIs can only be used during execution of 
setup(). If you are using async setup(), make sure to register lifecycle hooks 
before the first await statement.

 [32mΓ£ô[39m src/composables/__tests__/useRealisticThreeScene.spec.ts [2m([22m[2m1 test[22m[2m)[22m[32m 9[2mms[22m[39m
Not implemented: HTMLCanvasElement's getContext() method: without installing the 
canvas npm package
Not implemented: HTMLCanvasElement's getContext() method: without installing the 
canvas npm package
Not implemented: HTMLCanvasElement's getContext() method: without installing the 
canvas npm package
Not implemented: HTMLCanvasElement's getContext() method: without installing the 
canvas npm package
Not implemented: HTMLCanvasElement's getContext() method: without installing the 
canvas npm package
Not implemented: HTMLCanvasElement's getContext() method: without installing the 
canvas npm package
[90mstderr[2m | src/components/three/__tests__/TheBackgroundCanvas.spec.ts
[22m[39mTHREE.WebGLRenderer: Error creating WebGL context.
THREE.WebGLRenderer: Error creating WebGL context.
THREE.WebGLRenderer: Error creating WebGL context.

 [32mΓ£ô[39m src/components/three/__tests__/TheBackgroundCanvas.spec.ts [2m([22m[2m3 tests[22m[2m)[22m[32m 39[2mms[22m[39m
[90mstderr[2m | src/composables/__tests__/useTextReveal.spec.ts[2m > 
[22m[2museTextReveal[2m > [22m[2mreturns play and reverse functions
[22m[39m[Vue warn]: onUnmounted is called when there is no active component 
instance to be associated with. Lifecycle injection APIs can only be used during 
execution of setup(). If you are using async setup(), make sure to register 
lifecycle hooks before the first await statement.

[90mstderr[2m | src/composables/__tests__/useTextReveal.spec.ts[2m > 
[22m[2museTextReveal[2m > [22m[2mplay returns null when element is null
[22m[39m[Vue warn]: onUnmounted is called when there is no active component 
instance to be associated with. Lifecycle injection APIs can only be used during 
execution of setup(). If you are using async setup(), make sure to register 
lifecycle hooks before the first await statement.

[90mstderr[2m | src/composables/__tests__/useTextReveal.spec.ts[2m > 
[22m[2museTextReveal[2m > [22m[2mplay returns timeline when element exists
[22m[39m[Vue warn]: onUnmounted is called when there is no active component 
instance to be associated with. Lifecycle injection APIs can only be used during 
execution of setup(). If you are using async setup(), make sure to register 
lifecycle hooks before the first await statement.

[90mstderr[2m | src/composables/__tests__/usePanelAnimations.spec.ts[2m > 
[22m[2musePanelAnimations[2m > [22m[2mdoes not throw when panel ref is null
[22m[39m[Vue warn]: onMounted is called when there is no active component 
instance to be associated with. Lifecycle injection APIs can only be used during 
execution of setup(). If you are using async setup(), make sure to register 
lifecycle hooks before the first await statement.
[Vue warn]: onUnmounted is called when there is no active component instance to 
be associated with. Lifecycle injection APIs can only be used during execution of 
setup(). If you are using async setup(), make sure to register lifecycle hooks 
before the first await statement.

 [32mΓ£ô[39m src/composables/__tests__/useTextReveal.spec.ts [2m([22m[2m3 tests[22m[2m)[22m[32m 12[2mms[22m[39m
[90mstderr[2m | src/composables/__tests__/usePanelAnimations.spec.ts[2m > 
[22m[2musePanelAnimations[2m > [22m[2maccepts optional containerAnimation
[22m[39m[Vue warn]: onMounted is called when there is no active component 
instance to be associated with. Lifecycle injection APIs can only be used during 
execution of setup(). If you are using async setup(), make sure to register 
lifecycle hooks before the first await statement.
[Vue warn]: onUnmounted is called when there is no active component instance to 
be associated with. Lifecycle injection APIs can only be used during execution of 
setup(). If you are using async setup(), make sure to register lifecycle hooks 
before the first await statement.

 [32mΓ£ô[39m src/composables/__tests__/usePanelAnimations.spec.ts [2m([22m[2m2 tests[22m[2m)[22m[32m 9[2mms[22m[39m
[90mstderr[2m | src/composables/__tests__/useHorizontalScroll.spec.ts[2m > 
[22m[2museHorizontalScroll[2m > [22m[2mreturns progress ref initialized to 0
[22m[39m[Vue warn]: onMounted is called when there is no active component 
instance to be associated with. Lifecycle injection APIs can only be used during 
execution of setup(). If you are using async setup(), make sure to register 
lifecycle hooks before the first await statement.
[Vue warn]: onUnmounted is called when there is no active component instance to 
be associated with. Lifecycle injection APIs can only be used during execution of 
setup(). If you are using async setup(), make sure to register lifecycle hooks 
before the first await statement.
[Vue warn]: provide() can only be used inside setup().
[Vue warn]: provide() can only be used inside setup().
[Vue warn]: provide() can only be used inside setup().

[90mstderr[2m | src/composables/__tests__/useHorizontalScroll.spec.ts[2m > 
[22m[2museHorizontalScroll[2m > [22m[2mcomputes currentPanelIndex from 
progress
[22m[39m[Vue warn]: onMounted is called when there is no active component 
instance to be associated with. Lifecycle injection APIs can only be used during 
execution of setup(). If you are using async setup(), make sure to register 
lifecycle hooks before the first await statement.
[Vue warn]: onUnmounted is called when there is no active component instance to 
be associated with. Lifecycle injection APIs can only be used during execution of 
setup(). If you are using async setup(), make sure to register lifecycle hooks 
before the first await statement.
[Vue warn]: provide() can only be used inside setup().
[Vue warn]: provide() can only be used inside setup().
[Vue warn]: provide() can only be used inside setup().

[90mstderr[2m | src/composables/__tests__/useHorizontalScroll.spec.ts[2m > 
[22m[2museHorizontalScroll[2m > [22m[2mcomputes panel 0 for progress 0
[22m[39m[Vue warn]: onMounted is called when there is no active component 
instance to be associated with. Lifecycle injection APIs can only be used during 
execution of setup(). If you are using async setup(), make sure to register 
lifecycle hooks before the first await statement.
[Vue warn]: onUnmounted is called when there is no active component instance to 
be associated with. Lifecycle injection APIs can only be used during execution of 
setup(). If you are using async setup(), make sure to register lifecycle hooks 
before the first await statement.
[Vue warn]: provide() can only be used inside setup().
[Vue warn]: provide() can only be used inside setup().
[Vue warn]: provide() can only be used inside setup().

 [32mΓ£ô[39m src/composables/__tests__/useHorizontalScroll.spec.ts [2m([22m[2m3 tests[22m[2m)[22m[32m 11[2mms[22m[39m
[90mstderr[2m | src/composables/__tests__/useThreeBackground.spec.ts[2m > 
[22m[2museThreeBackground[2m > [22m[2mreturns dispose function
[22m[39m[Vue warn]: onMounted is called when there is no active component 
instance to be associated with. Lifecycle injection APIs can only be used during 
execution of setup(). If you are using async setup(), make sure to register 
lifecycle hooks before the first await statement.
[Vue warn]: onUnmounted is called when there is no active component instance to 
be associated with. Lifecycle injection APIs can only be used during execution of 
setup(). If you are using async setup(), make sure to register lifecycle hooks 
before the first await statement.

[90mstderr[2m | src/composables/__tests__/useThreeBackground.spec.ts[2m > 
[22m[2museThreeBackground[2m > [22m[2mdoes not throw when canvas is null
[22m[39m[Vue warn]: onMounted is called when there is no active component 
instance to be associated with. Lifecycle injection APIs can only be used during 
execution of setup(). If you are using async setup(), make sure to register 
lifecycle hooks before the first await statement.
[Vue warn]: onUnmounted is called when there is no active component instance to 
be associated with. Lifecycle injection APIs can only be used during execution of 
setup(). If you are using async setup(), make sure to register lifecycle hooks 
before the first await statement.

[90mstderr[2m | src/composables/__tests__/useThreeBackground.spec.ts[2m > 
[22m[2museThreeBackground[2m > [22m[2maccepts custom options
[22m[39m[Vue warn]: onMounted is called when there is no active component 
instance to be associated with. Lifecycle injection APIs can only be used during 
execution of setup(). If you are using async setup(), make sure to register 
lifecycle hooks before the first await statement.
[Vue warn]: onUnmounted is called when there is no active component instance to 
be associated with. Lifecycle injection APIs can only be used during execution of 
setup(). If you are using async setup(), make sure to register lifecycle hooks 
before the first await statement.

 [32mΓ£ô[39m src/composables/__tests__/useThreeBackground.spec.ts [2m([22m[2m3 tests[22m[2m)[22m[32m 9[2mms[22m[39m
 [32mΓ£ô[39m src/composables/__tests__/useIntro.spec.ts [2m([22m[2m6 tests[22m[2m)[22m[32m 10[2mms[22m[39m
[90mstderr[2m | src/composables/__tests__/useTouchSwipe.spec.ts[2m > 
[22m[2museTouchSwipe[2m > [22m[2mdoes not throw when called with valid args
[22m[39m[Vue warn]: onMounted is called when there is no active component 
instance to be associated with. Lifecycle injection APIs can only be used during 
execution of setup(). If you are using async setup(), make sure to register 
lifecycle hooks before the first await statement.
[Vue warn]: onUnmounted is called when there is no active component instance to 
be associated with. Lifecycle injection APIs can only be used during execution of 
setup(). If you are using async setup(), make sure to register lifecycle hooks 
before the first await statement.

 [32mΓ£ô[39m src/composables/__tests__/useTouchSwipe.spec.ts [2m([22m[2m1 test[22m[2m)[22m[32m 8[2mms[22m[39m

[31mΓÄ»ΓÄ»ΓÄ»ΓÄ»ΓÄ»ΓÄ»[39m[1m[41m Failed Suites 1 
[49m[22m[31mΓÄ»ΓÄ»ΓÄ»ΓÄ»ΓÄ»ΓÄ»ΓÄ»[39m

[41m[1m FAIL [22m[49m src/components/panels/__tests__/HeroPanel.spec.ts[2m [ 
src/components/panels/__tests__/HeroPanel.spec.ts ][22m
[31m[1mTypeError[22m: The argument 'filename' must be a file URL object, file 
URL string, or absolute path string. Received 'file:///images/edited.png'[39m
[31m[2mΓÄ»ΓÄ»ΓÄ»ΓÄ»ΓÄ»ΓÄ»ΓÄ»ΓÄ»ΓÄ»ΓÄ»ΓÄ»ΓÄ»ΓÄ»ΓÄ»ΓÄ»ΓÄ»ΓÄ»ΓÄ»ΓÄ»ΓÄ»ΓÄ»ΓÄ»ΓÄ»ΓÄ»[
1/1]ΓÄ»[22m[39m

[31mΓÄ»ΓÄ»ΓÄ»ΓÄ»ΓÄ»ΓÄ»[39m[1m[41m Unhandled Errors 
[49m[22m[31mΓÄ»ΓÄ»ΓÄ»ΓÄ»ΓÄ»ΓÄ»[39m
[31m[1m
Vitest caught 3 unhandled errors during the test run.
This might cause false positive tests. Resolve unhandled errors to make sure your 
tests are not affected.[22m[39m

[31mΓÄ»ΓÄ»ΓÄ»ΓÄ»ΓÄ»[39m[1m[41m Uncaught Exception 
[49m[22m[31mΓÄ»ΓÄ»ΓÄ»ΓÄ»ΓÄ»[39m
[31m[1mError[22m: Error creating WebGL context.[39m
[90m [2mΓ¥»[22m new WebGLRenderer 
node_modules/three/build/three.module.js:[2m16193:13[22m[39m
[36m [2mΓ¥»[22m Timeout.init [as _onTimeout] 
src/composables/useRealisticThreeScene.ts:[2m25:16[22m[39m
    [90m 23|[39m     [35mif[39m ([33m![39mcanvasRef[33m.[39mvalue) 
[35mreturn[39m
    [90m 24|[39m
    [90m 25|[39m     renderer [33m=[39m [35mnew[39m 
[33mTHREE[39m[33m.[39m[33mWebGLRenderer[39m({
    [90m   |[39m                [31m^[39m
    [90m 26|[39m       canvas[33m:[39m canvasRef[33m.[39mvalue[33m,[39m
    [90m 27|[39m       antialias[33m:[39m [35mtrue[39m[33m,[39m
[90m [2mΓ¥»[22m listOnTimeout node:internal/timers:[2m588:17[22m[39m
[90m [2mΓ¥»[22m processTimers node:internal/timers:[2m523:7[22m[39m

[31mThis error originated in 
"[1msrc/components/three/__tests__/TheBackgroundCanvas.spec.ts[22m" test file. 
It doesn't mean the error was thrown inside the file itself, but while it was 
running.[39m

[31mΓÄ»ΓÄ»ΓÄ»ΓÄ»ΓÄ»[39m[1m[41m Uncaught Exception 
[49m[22m[31mΓÄ»ΓÄ»ΓÄ»ΓÄ»ΓÄ»[39m
[31m[1mError[22m: Error creating WebGL context.[39m
[90m [2mΓ¥»[22m new WebGLRenderer 
node_modules/three/build/three.module.js:[2m16193:13[22m[39m
[36m [2mΓ¥»[22m Timeout.init [as _onTimeout] 
src/composables/useRealisticThreeScene.ts:[2m25:16[22m[39m
    [90m 23|[39m     [35mif[39m ([33m![39mcanvasRef[33m.[39mvalue) 
[35mreturn[39m
    [90m 24|[39m
    [90m 25|[39m     renderer [33m=[39m [35mnew[39m 
[33mTHREE[39m[33m.[39m[33mWebGLRenderer[39m({
    [90m   |[39m                [31m^[39m
    [90m 26|[39m       canvas[33m:[39m canvasRef[33m.[39mvalue[33m,[39m
    [90m 27|[39m       antialias[33m:[39m [35mtrue[39m[33m,[39m
[90m [2mΓ¥»[22m listOnTimeout node:internal/timers:[2m588:17[22m[39m
[90m [2mΓ¥»[22m processTimers node:internal/timers:[2m523:7[22m[39m

[31mThis error originated in 
"[1msrc/components/three/__tests__/TheBackgroundCanvas.spec.ts[22m" test file. 
It doesn't mean the error was thrown inside the file itself, but while it was 
running.[39m

[31mΓÄ»ΓÄ»ΓÄ»ΓÄ»ΓÄ»[39m[1m[41m Uncaught Exception 
[49m[22m[31mΓÄ»ΓÄ»ΓÄ»ΓÄ»ΓÄ»[39m
[31m[1mError[22m: Error creating WebGL context.[39m
[90m [2mΓ¥»[22m new WebGLRenderer 
node_modules/three/build/three.module.js:[2m16193:13[22m[39m
[36m [2mΓ¥»[22m Timeout.init [as _onTimeout] 
src/composables/useRealisticThreeScene.ts:[2m25:16[22m[39m
    [90m 23|[39m     [35mif[39m ([33m![39mcanvasRef[33m.[39mvalue) 
[35mreturn[39m
    [90m 24|[39m
    [90m 25|[39m     renderer [33m=[39m [35mnew[39m 
[33mTHREE[39m[33m.[39m[33mWebGLRenderer[39m({
    [90m   |[39m                [31m^[39m
    [90m 26|[39m       canvas[33m:[39m canvasRef[33m.[39mvalue[33m,[39m
    [90m 27|[39m       antialias[33m:[39m [35mtrue[39m[33m,[39m
[90m [2mΓ¥»[22m listOnTimeout node:internal/timers:[2m588:17[22m[39m
[90m [2mΓ¥»[22m processTimers node:internal/timers:[2m523:7[22m[39m

[31mThis error originated in 
"[1msrc/components/three/__tests__/TheBackgroundCanvas.spec.ts[22m" test file. 
It doesn't mean the error was thrown inside the file itself, but while it was 
running.[39m
[31mΓÄ»ΓÄ»ΓÄ»ΓÄ»ΓÄ»ΓÄ»ΓÄ»ΓÄ»ΓÄ»ΓÄ»ΓÄ»ΓÄ»ΓÄ»ΓÄ»ΓÄ»ΓÄ»ΓÄ»ΓÄ»ΓÄ»ΓÄ»ΓÄ»ΓÄ»ΓÄ»ΓÄ»ΓÄ»ΓÄ
»ΓÄ»ΓÄ»ΓÄ»ΓÄ»[39m


[2m Test Files [22m [1m[31m1 failed[39m[22m[2m | [22m[1m[32m27 passed[39m[22m[90m (28)[39m
[2m      Tests [22m [1m[32m86 passed[39m[22m[90m (86)[39m
[2m     Errors [22m [1m[31m3 errors[39m[22m
[2m   Start at [22m 01:21:26
[2m   Duration [22m 8.75s[2m (transform 5.35s, setup 0ms, import 11.62s, tests 1.29s, environment 60.21s)[22m

error: script "test:run" exited with code 1
